Sep 30 01:03:32 minime rsyslogd: [origin software="rsyslogd" swVersion="4.6.4" x-pid="450" x-info="http://www.rsyslog.com"] rsyslogd was HUPed, type 'lightweight'.
Sep 30 01:03:35 minime NetworkManager[828]: <info> kernel firmware directory '/lib/firmware' changed
Sep 30 01:04:26 minime anacron[790]: Job `cron.daily' terminated
Sep 30 01:04:26 minime anacron[790]: Job `cron.weekly' started
Sep 30 01:04:26 minime anacron[8564]: Updated timestamp for job `cron.weekly' to 2011-09-30
Sep 30 01:04:59 minime init: smbd main process (298) killed by TERM signal
Sep 30 01:06:59 minime kernel: [  520.527844] SGI XFS with ACLs, security attributes, realtime, large block/inode numbers, no debug enabled
Sep 30 01:06:59 minime kernel: [  520.544724] SGI XFS Quota Management subsystem
Sep 30 01:06:59 minime kernel: [  520.673071] JFS: nTxBlock = 7986, nTxLock = 63891
Sep 30 01:07:00 minime kernel: [  520.864294] NTFS driver 2.1.30 [Flags: R/O MODULE].
Sep 30 01:07:00 minime kernel: [  521.023420] QNX4 filesystem 0.2.3 registered.
Sep 30 01:07:00 minime kernel: [  521.185680] Btrfs loaded
Sep 30 01:07:00 minime os-prober: debug: running /usr/lib/os-probes/50mounted-tests on /dev/sda2
Sep 30 01:07:00 minime 50mounted-tests: debug: /dev/sda2 type not recognised; skipping
Sep 30 01:07:00 minime os-prober: debug: os detected by /usr/lib/os-probes/50mounted-tests
Sep 30 01:07:00 minime os-prober: debug: /dev/sda5: is active swap
Sep 30 01:07:04 minime anacron[790]: Job `cron.weekly' terminated
Sep 30 01:07:04 minime anacron[790]: Job `cron.monthly' started
Sep 30 01:07:04 minime anacron[790]: Job `cron.monthly' terminated
Sep 30 01:07:04 minime anacron[790]: Normal exit (3 jobs run)
Sep 30 01:07:04 minime anacron[15830]: Updated timestamp for job `cron.monthly' to 2011-09-30
Sep 30 01:07:07 minime kernel: [  528.629162] audit_printk_skb: 30 callbacks suppressed
Sep 30 01:07:07 minime kernel: [  528.629169] type=1400 audit(1317334027.878:22): apparmor="STATUS" operation="profile_replace" name="/sbin/dhclient" pid=15838 comm="apparmor_parser"
Sep 30 01:07:07 minime kernel: [  528.629574] type=1400 audit(1317334027.878:23): apparmor="STATUS" operation="profile_replace" name="/usr/lib/NetworkManager/nm-dhcp-client.action" pid=15838 comm="apparmor_parser"
Sep 30 01:07:07 minime kernel: [  528.629844] type=1400 audit(1317334027.878:24): apparmor="STATUS" operation="profile_replace" name="/usr/lib/connman/scripts/dhclient-script" pid=15838 comm="apparmor_parser"
Sep 30 01:08:36 minime init: apport pre-start process (19980) terminated with status 1
Sep 30 01:08:36 minime init: apport post-stop process (19982) terminated with status 1
Sep 30 01:09:22 minime AptDaemon.Worker: INFO: Finished transaction /org/debian/apt/transaction/e6f7658dfe754194ad3963dfd42f782d
Sep 30 01:10:07 minime kernel: Kernel logging (proc) stopped.
Sep 30 01:10:07 minime rsyslogd: [origin software="rsyslogd" swVersion="4.6.4" x-pid="450" x-info="http://www.rsyslog.com"] exiting on signal 15.
Sep 30 01:10:41 minime kernel: imklog 4.6.4, log source = /proc/kmsg started.
Sep 30 01:10:41 minime rsyslogd: [origin software="rsyslogd" swVersion="4.6.4" x-pid="316" x-info="http://www.rsyslog.com"] (re)start
Sep 30 01:10:41 minime rsyslogd: rsyslogd's groupid changed to 103
Sep 30 01:10:41 minime rsyslogd: rsyslogd's userid changed to 101
Sep 30 01:10:41 minime rsyslogd-2039: Could no open output pipe '/dev/xconsole' [try http://www.rsyslog.com/e/2039 ]
Sep 30 01:10:41 minime kernel: [    0.000000] Initializing cgroup subsys cpuset
Sep 30 01:10:41 minime kernel: [    0.000000] Initializing cgroup subsys cpu
Sep 30 01:10:41 minime kernel: [    0.000000] Linux version 2.6.38-11-server (buildd@allspice) (gcc version 4.5.2 (Ubuntu/Linaro 4.5.2-8ubuntu4) ) #50-Ubuntu SMP Mon Sep 12 21:34:27 UTC 2011 (Ubuntu 2.6.38-11.50-server 2.6.38.8)
Sep 30 01:10:41 minime kernel: [    0.000000] Command line: BOOT_IMAGE=/boot/vmlinuz-2.6.38-11-server root=UUID=c7a24044-7a83-4eff-9c90-667e828ee5f5 ro quiet
Sep 30 01:10:41 minime kernel: [    0.000000] BIOS-provided physical RAM map:
Sep 30 01:10:41 minime kernel: [    0.000000]  BIOS-e820: 0000000000000000 - 000000000009fc00 (usable)
Sep 30 01:10:41 minime kernel: [    0.000000]  BIOS-e820: 000000000009fc00 - 00000000000a0000 (reserved)
Sep 30 01:10:41 minime kernel: [    0.000000]  BIOS-e820: 00000000000f0000 - 0000000000100000 (reserved)
Sep 30 01:10:41 minime kernel: [    0.000000]  BIOS-e820: 0000000000100000 - 000000003fff0000 (usable)
Sep 30 01:10:41 minime kernel: [    0.000000]  BIOS-e820: 000000003fff0000 - 0000000040000000 (ACPI data)
Sep 30 01:10:41 minime kernel: [    0.000000]  BIOS-e820: 00000000fffc0000 - 0000000100000000 (reserved)
Sep 30 01:10:41 minime kernel: [    0.000000] NX (Execute Disable) protection: active
Sep 30 01:10:41 minime kernel: [    0.000000] DMI 2.5 present.
Sep 30 01:10:41 minime kernel: [    0.000000] DMI: innotek GmbH VirtualBox, BIOS VirtualBox 12/01/2006
Sep 30 01:10:41 minime kernel: [    0.000000] e820 update range: 0000000000000000 - 0000000000010000 (usable) ==> (reserved)
Sep 30 01:10:41 minime kernel: [    0.000000] e820 remove range: 00000000000a0000 - 0000000000100000 (usable)
Sep 30 01:10:41 minime kernel: [    0.000000] No AGP bridge found
Sep 30 01:10:41 minime kernel: [    0.000000] last_pfn = 0x3fff0 max_arch_pfn = 0x400000000
Sep 30 01:10:41 minime kernel: [    0.000000] MTRR default type: uncachable
Sep 30 01:10:41 minime kernel: [    0.000000] MTRR variable ranges disabled:
Sep 30 01:10:41 minime kernel: [    0.000000] x86 PAT enabled: cpu 0, old 0x7040600070406, new 0x7010600070106
Sep 30 01:10:41 minime kernel: [    0.000000] CPU MTRRs all blank - virtualized system.
Sep 30 01:10:41 minime kernel: [    0.000000] found SMP MP-table at [ffff88000009fff0] 9fff0
Sep 30 01:10:41 minime kernel: [    0.000000] initial memory mapped : 0 - 20000000
Sep 30 01:10:41 minime kernel: [    0.000000] init_memory_mapping: 0000000000000000-000000003fff0000
Sep 30 01:10:41 minime kernel: [    0.000000]  0000000000 - 003fe00000 page 2M
Sep 30 01:10:41 minime kernel: [    0.000000]  003fe00000 - 003fff0000 page 4k
Sep 30 01:10:41 minime kernel: [    0.000000] kernel direct mapping tables up to 3fff0000 @ 1fffd000-20000000
Sep 30 01:10:41 minime kernel: [    0.000000] RAMDISK: 366f8000 - 37374000
Sep 30 01:10:41 minime kernel: [    0.000000] ACPI: RSDP 00000000000e0000 00024 (v02 VBOX  )
Sep 30 01:10:41 minime kernel: [    0.000000] ACPI: XSDT 000000003fff0030 0003C (v01 VBOX   VBOXXSDT 00000001 ASL  00000061)
Sep 30 01:10:41 minime kernel: [    0.000000] ACPI: FACP 000000003fff00f0 000F4 (v04 VBOX   VBOXFACP 00000001 ASL  00000061)
Sep 30 01:10:41 minime kernel: [    0.000000] ACPI: DSDT 000000003fff0470 01B96 (v01 VBOX   VBOXBIOS 00000002 INTL 20100528)
Sep 30 01:10:41 minime kernel: [    0.000000] ACPI: FACS 000000003fff0200 00040
Sep 30 01:10:41 minime kernel: [    0.000000] ACPI: APIC 000000003fff0240 0005C (v02 VBOX   VBOXAPIC 00000001 ASL  00000061)
Sep 30 01:10:41 minime kernel: [    0.000000] ACPI: SSDT 000000003fff02a0 001CC (v01 VBOX   VBOXCPUT 00000002 INTL 20100528)
Sep 30 01:10:41 minime kernel: [    0.000000] ACPI: Local APIC address 0xfee00000
Sep 30 01:10:41 minime kernel: [    0.000000] No NUMA configuration found
Sep 30 01:10:41 minime kernel: [    0.000000] Faking a node at 0000000000000000-000000003fff0000
Sep 30 01:10:41 minime kernel: [    0.000000] Initmem setup node 0 0000000000000000-000000003fff0000
Sep 30 01:10:41 minime kernel: [    0.000000]   NODE_DATA [000000003ffeb000 - 000000003ffeffff]
Sep 30 01:10:41 minime kernel: [    0.000000]  [ffffea0000000000-ffffea0000dfffff] PMD -> [ffff88003e600000-ffff88003f3fffff] on node 0
Sep 30 01:10:41 minime kernel: [    0.000000] Zone PFN ranges:
Sep 30 01:10:41 minime kernel: [    0.000000]   DMA      0x00000010 -> 0x00001000
Sep 30 01:10:41 minime kernel: [    0.000000]   DMA32    0x00001000 -> 0x00100000
Sep 30 01:10:41 minime kernel: [    0.000000]   Normal   empty
Sep 30 01:10:41 minime kernel: [    0.000000] Movable zone start PFN for each node
Sep 30 01:10:41 minime kernel: [    0.000000] early_node_map[2] active PFN ranges
Sep 30 01:10:41 minime kernel: [    0.000000]     0: 0x00000010 -> 0x0000009f
Sep 30 01:10:41 minime kernel: [    0.000000]     0: 0x00000100 -> 0x0003fff0
Sep 30 01:10:41 minime kernel: [    0.000000] On node 0 totalpages: 262015
Sep 30 01:10:41 minime kernel: [    0.000000]   DMA zone: 56 pages used for memmap
Sep 30 01:10:41 minime kernel: [    0.000000]   DMA zone: 6 pages reserved
Sep 30 01:10:41 minime kernel: [    0.000000]   DMA zone: 3921 pages, LIFO batch:0
Sep 30 01:10:41 minime kernel: [    0.000000]   DMA32 zone: 3528 pages used for memmap
Sep 30 01:10:41 minime kernel: [    0.000000]   DMA32 zone: 254504 pages, LIFO batch:31
Sep 30 01:10:41 minime kernel: [    0.000000] ACPI: PM-Timer IO Port: 0x4008
Sep 30 01:10:41 minime kernel: [    0.000000] ACPI: Local APIC address 0xfee00000
Sep 30 01:10:41 minime kernel: [    0.000000] ACPI: LAPIC (acpi_id[0x00] lapic_id[0x00] enabled)
Sep 30 01:10:41 minime kernel: [    0.000000] ACPI: LAPIC (acpi_id[0x01] lapic_id[0x01] enabled)
Sep 30 01:10:41 minime kernel: [    0.000000] ACPI: IOAPIC (id[0x02] address[0xfec00000] gsi_base[0])
Sep 30 01:10:41 minime kernel: [    0.000000] IOAPIC[0]: apic_id 2, version 17, address 0xfec00000, GSI 0-23
Sep 30 01:10:41 minime kernel: [    0.000000] ACPI: INT_SRC_OVR (bus 0 bus_irq 0 global_irq 2 dfl dfl)
Sep 30 01:10:41 minime kernel: [    0.000000] ACPI: INT_SRC_OVR (bus 0 bus_irq 9 global_irq 9 high level)
Sep 30 01:10:41 minime kernel: [    0.000000] ACPI: IRQ0 used by override.
Sep 30 01:10:41 minime kernel: [    0.000000] ACPI: IRQ2 used by override.
Sep 30 01:10:41 minime kernel: [    0.000000] ACPI: IRQ9 used by override.
Sep 30 01:10:41 minime kernel: [    0.000000] Using ACPI (MADT) for SMP configuration information
Sep 30 01:10:41 minime kernel: [    0.000000] SMP: Allowing 2 CPUs, 0 hotplug CPUs
Sep 30 01:10:41 minime kernel: [    0.000000] nr_irqs_gsi: 40
Sep 30 01:10:41 minime kernel: [    0.000000] PM: Registered nosave memory: 000000000009f000 - 00000000000a0000
Sep 30 01:10:41 minime kernel: [    0.000000] PM: Registered nosave memory: 00000000000a0000 - 00000000000f0000
Sep 30 01:10:41 minime kernel: [    0.000000] PM: Registered nosave memory: 00000000000f0000 - 0000000000100000
Sep 30 01:10:41 minime kernel: [    0.000000] Allocating PCI resources starting at 40000000 (gap: 40000000:bffc0000)
Sep 30 01:10:41 minime kernel: [    0.000000] Booting paravirtualized kernel on bare hardware
Sep 30 01:10:41 minime kernel: [    0.000000] setup_percpu: NR_CPUS:256 nr_cpumask_bits:256 nr_cpu_ids:2 nr_node_ids:1
Sep 30 01:10:41 minime kernel: [    0.000000] PERCPU: Embedded 28 pages/cpu @ffff88003fc00000 s84416 r8192 d22080 u1048576
Sep 30 01:10:41 minime kernel: [    0.000000] pcpu-alloc: s84416 r8192 d22080 u1048576 alloc=1*2097152
Sep 30 01:10:41 minime kernel: [    0.000000] pcpu-alloc: [0] 0 1 
Sep 30 01:10:41 minime kernel: [    0.000000] Built 1 zonelists in Node order, mobility grouping on.  Total pages: 258425
Sep 30 01:10:41 minime kernel: [    0.000000] Policy zone: DMA32
Sep 30 01:10:41 minime kernel: [    0.000000] Kernel command line: BOOT_IMAGE=/boot/vmlinuz-2.6.38-11-server root=UUID=c7a24044-7a83-4eff-9c90-667e828ee5f5 ro quiet
Sep 30 01:10:41 minime kernel: [    0.000000] PID hash table entries: 4096 (order: 3, 32768 bytes)
Sep 30 01:10:41 minime kernel: [    0.000000] Checking aperture...
Sep 30 01:10:41 minime kernel: [    0.000000] No AGP bridge found
Sep 30 01:10:41 minime kernel: [    0.000000] Calgary: detecting Calgary via BIOS EBDA area
Sep 30 01:10:41 minime kernel: [    0.000000] Calgary: Unable to locate Rio Grande table in EBDA - bailing!
Sep 30 01:10:41 minime kernel: [    0.000000] Memory: 1007084k/1048512k available (6025k kernel code, 452k absent, 40976k reserved, 5022k data, 880k init)
Sep 30 01:10:41 minime kernel: [    0.000000] SLUB: Genslabs=15, HWalign=64, Order=0-3, MinObjects=0, CPUs=2, Nodes=1
Sep 30 01:10:41 minime kernel: [    0.000000] Hierarchical RCU implementation.
Sep 30 01:10:41 minime kernel: [    0.000000] 	RCU dyntick-idle grace-period acceleration is enabled.
Sep 30 01:10:41 minime kernel: [    0.000000] 	RCU-based detection of stalled CPUs is disabled.
Sep 30 01:10:41 minime kernel: [    0.000000] NR_IRQS:16640 nr_irqs:512 16
Sep 30 01:10:41 minime kernel: [    0.000000] Console: colour dummy device 80x25
Sep 30 01:10:41 minime kernel: [    0.000000] console [tty0] enabled
Sep 30 01:10:41 minime kernel: [    0.000000] allocated 10485760 bytes of page_cgroup
Sep 30 01:10:41 minime kernel: [    0.000000] please try 'cgroup_disable=memory' option if you don't want memory cgroups
Sep 30 01:10:41 minime kernel: [    0.000000] Fast TSC calibration failed
Sep 30 01:10:41 minime kernel: [    0.000000] TSC: Unable to calibrate against PIT
Sep 30 01:10:41 minime kernel: [    0.000000] TSC: HPET/PMTIMER calibration failed.
Sep 30 01:10:41 minime kernel: [    0.000000] Marking TSC unstable due to could not calculate TSC khz
Sep 30 01:10:41 minime kernel: [    0.040000] Calibrating delay loop... 558.69 BogoMIPS (lpj=2793472)
Sep 30 01:10:41 minime kernel: [    0.260000] pid_max: default: 32768 minimum: 301
Sep 30 01:10:41 minime kernel: [    0.260000] Security Framework initialized
Sep 30 01:10:41 minime kernel: [    0.260000] AppArmor: AppArmor initialized
Sep 30 01:10:41 minime kernel: [    0.260000] Yama: becoming mindful.
Sep 30 01:10:41 minime kernel: [    0.270000] Dentry cache hash table entries: 131072 (order: 8, 1048576 bytes)
Sep 30 01:10:41 minime kernel: [    0.270000] Inode-cache hash table entries: 65536 (order: 7, 524288 bytes)
Sep 30 01:10:41 minime kernel: [    0.270000] Mount-cache hash table entries: 256
Sep 30 01:10:41 minime kernel: [    0.270000] Initializing cgroup subsys ns
Sep 30 01:10:41 minime kernel: [    0.270000] ns_cgroup deprecated: consider using the 'clone_children' flag without the ns_cgroup.
Sep 30 01:10:41 minime kernel: [    0.270000] Initializing cgroup subsys cpuacct
Sep 30 01:10:41 minime kernel: [    0.270000] Initializing cgroup subsys memory
Sep 30 01:10:41 minime kernel: [    0.270000] Initializing cgroup subsys devices
Sep 30 01:10:41 minime kernel: [    0.270000] Initializing cgroup subsys freezer
Sep 30 01:10:41 minime kernel: [    0.270000] Initializing cgroup subsys net_cls
Sep 30 01:10:41 minime kernel: [    0.270000] Initializing cgroup subsys blkio
Sep 30 01:10:41 minime kernel: [    0.270000] CPU: Physical Processor ID: 0
Sep 30 01:10:41 minime kernel: [    0.270000] CPU: Processor Core ID: 0
Sep 30 01:10:41 minime kernel: [    0.270000] mce: CPU supports 0 MCE banks
Sep 30 01:10:41 minime kernel: [    0.340000] ACPI: Core revision 20110112
Sep 30 01:10:41 minime kernel: [    0.350000] ftrace: allocating 24625 entries in 97 pages
Sep 30 01:10:41 minime kernel: [    0.360000] Setting APIC routing to flat
Sep 30 01:10:41 minime kernel: [    0.360000] ------------[ cut here ]------------
Sep 30 01:10:41 minime kernel: [    0.360000] WARNING: at /build/buildd/linux-2.6.38/arch/x86/kernel/apic/apic.c:1284 setup_local_APIC+0x171/0x22a()
Sep 30 01:10:41 minime kernel: [    0.360000] Hardware name: VirtualBox
Sep 30 01:10:41 minime kernel: [    0.360000] Modules linked in:
Sep 30 01:10:41 minime kernel: [    0.360000] Pid: 1, comm: swapper Not tainted 2.6.38-11-server #50-Ubuntu
Sep 30 01:10:41 minime kernel: [    0.360000] Call Trace:
Sep 30 01:10:41 minime kernel: [    0.360000]  [<ffffffff81065cff>] ? warn_slowpath_common+0x7f/0xc0
Sep 30 01:10:41 minime kernel: [    0.360000]  [<ffffffff81065d5a>] ? warn_slowpath_null+0x1a/0x20
Sep 30 01:10:41 minime kernel: [    0.360000]  [<ffffffff815d027a>] ? setup_local_APIC+0x171/0x22a
Sep 30 01:10:41 minime kernel: [    0.360000]  [<ffffffff81af02eb>] ? verify_local_APIC+0x16a/0x194
Sep 30 01:10:41 minime kernel: [    0.360000]  [<ffffffff81aee4bd>] ? native_smp_prepare_cpus+0x17f/0x20e
Sep 30 01:10:41 minime kernel: [    0.360000]  [<ffffffff81ae1d19>] ? kernel_init+0x7e/0x1f3
Sep 30 01:10:41 minime kernel: [    0.360000]  [<ffffffff8100cde4>] ? kernel_thread_helper+0x4/0x10
Sep 30 01:10:41 minime kernel: [    0.360000]  [<ffffffff81ae1c9b>] ? kernel_init+0x0/0x1f3
Sep 30 01:10:41 minime kernel: [    0.360000]  [<ffffffff8100cde0>] ? kernel_thread_helper+0x0/0x10
Sep 30 01:10:41 minime kernel: [    0.360000] ---[ end trace a7919e7f17c0a725 ]---
Sep 30 01:10:41 minime kernel: [    0.380000] ..TIMER: vector=0x30 apic1=0 pin1=2 apic2=-1 pin2=-1
Sep 30 01:10:41 minime kernel: [    0.470000] CPU0: Intel(R) Core(TM) i7 CPU       Q 720  @ 1.60GHz stepping 05
Sep 30 01:10:41 minime kernel: [    0.470000] Performance Events: unsupported p6 CPU model 30 no PMU driver, software events only.
Sep 30 01:10:41 minime kernel: [    0.470000] Booting Node   0, Processors  #1 Ok.
Sep 30 01:10:41 minime kernel: [    0.040000] ------------[ cut here ]------------
Sep 30 01:10:41 minime kernel: [    0.040000] WARNING: at /build/buildd/linux-2.6.38/arch/x86/kernel/apic/apic.c:1284 setup_local_APIC+0x171/0x22a()
Sep 30 01:10:41 minime kernel: [    0.040000] Hardware name: VirtualBox
Sep 30 01:10:41 minime kernel: [    0.040000] Modules linked in:
Sep 30 01:10:41 minime kernel: [    0.040000] Pid: 0, comm: kworker/0:0 Tainted: G        W   2.6.38-11-server #50-Ubuntu
Sep 30 01:10:41 minime kernel: [    0.040000] Call Trace:
Sep 30 01:10:41 minime kernel: [    0.040000]  [<ffffffff81065cff>] ? warn_slowpath_common+0x7f/0xc0
Sep 30 01:10:41 minime kernel: [    0.040000]  [<ffffffff81065d5a>] ? warn_slowpath_null+0x1a/0x20
Sep 30 01:10:41 minime kernel: [    0.040000]  [<ffffffff815d027a>] ? setup_local_APIC+0x171/0x22a
Sep 30 01:10:41 minime kernel: [    0.040000]  [<ffffffff815caf03>] ? xsave_init+0x9/0x2d
Sep 30 01:10:41 minime kernel: [    0.040000]  [<ffffffff815cfa60>] ? smp_callin+0xc5/0x116
Sep 30 01:10:41 minime kernel: [    0.040000]  [<ffffffff815cfac3>] ? start_secondary+0x12/0xbe
Sep 30 01:10:41 minime kernel: [    0.040000]  [<ffffffff815cfab1>] ? start_secondary+0x0/0xbe
Sep 30 01:10:41 minime kernel: [    0.040000] ---[ end trace a7919e7f17c0a726 ]---
Sep 30 01:10:41 minime kernel: [    0.040000] mce: CPU supports 0 MCE banks
Sep 30 01:10:41 minime kernel: [    0.720000] Brought up 2 CPUs
Sep 30 01:10:41 minime kernel: [    0.720000] Total of 2 processors activated (1199.30 BogoMIPS).
Sep 30 01:10:41 minime kernel: [    0.720000] devtmpfs: initialized
Sep 30 01:10:41 minime kernel: [    0.730000] print_constraints: dummy: 
Sep 30 01:10:41 minime kernel: [    0.730000] Time: 22:10:29  Date: 09/29/11
Sep 30 01:10:41 minime kernel: [    0.730000] NET: Registered protocol family 16
Sep 30 01:10:41 minime kernel: [    0.730000] Trying to unpack rootfs image as initramfs...
Sep 30 01:10:41 minime kernel: [    0.730000] ACPI: bus type pci registered
Sep 30 01:10:41 minime kernel: [    0.730000] PCI: Using configuration type 1 for base access
Sep 30 01:10:41 minime kernel: [    0.740000] bio: create slab <bio-0> at 0
Sep 30 01:10:41 minime kernel: [    0.740000] ACPI: EC: Look up EC in DSDT
Sep 30 01:10:41 minime kernel: [    0.740000] ACPI: Executed 1 blocks of module-level executable AML code
Sep 30 01:10:41 minime kernel: [    0.750000] ACPI: Interpreter enabled
Sep 30 01:10:41 minime kernel: [    0.750000] ACPI: (supports S0 S5)
Sep 30 01:10:41 minime kernel: [    0.750000] ACPI: Using IOAPIC for interrupt routing
Sep 30 01:10:41 minime kernel: [    0.760000] ACPI: No dock devices found.
Sep 30 01:10:41 minime kernel: [    0.760000] HEST: Table not found.
Sep 30 01:10:41 minime kernel: [    0.760000] PCI: Ignoring host bridge windows from ACPI; if necessary, use "pci=use_crs" and report a bug
Sep 30 01:10:41 minime kernel: [    0.760000] ACPI: PCI Root Bridge [PCI0] (domain 0000 [bus 00-ff])
Sep 30 01:10:41 minime kernel: [    0.760000] pci_root PNP0A03:00: host bridge window [io  0x0000-0x0cf7] (ignored)
Sep 30 01:10:41 minime kernel: [    0.760000] pci_root PNP0A03:00: host bridge window [io  0x0d00-0xffff] (ignored)
Sep 30 01:10:41 minime kernel: [    0.760000] pci_root PNP0A03:00: host bridge window [mem 0x000a0000-0x000bffff] (ignored)
Sep 30 01:10:41 minime kernel: [    0.760000] pci_root PNP0A03:00: host bridge window [mem 0x40000000-0xffdfffff] (ignored)
Sep 30 01:10:41 minime kernel: [    0.760000] pci 0000:00:00.0: [8086:1237] type 0 class 0x000600
Sep 30 01:10:41 minime kernel: [    0.760000] pci 0000:00:01.0: [8086:7000] type 0 class 0x000601
Sep 30 01:10:41 minime kernel: [    0.760000] pci 0000:00:01.1: [8086:7111] type 0 class 0x000101
Sep 30 01:10:41 minime kernel: [    0.760000] pci 0000:00:01.1: reg 20: [io  0xd000-0xd00f]
Sep 30 01:10:41 minime kernel: [    0.760000] pci 0000:00:02.0: [80ee:beef] type 0 class 0x000300
Sep 30 01:10:41 minime kernel: [    0.770000] pci 0000:00:02.0: reg 10: [mem 0xe0000000-0xe0ffffff pref]
Sep 30 01:10:41 minime kernel: [    0.790000] pci 0000:00:03.0: [8086:100e] type 0 class 0x000200
Sep 30 01:10:41 minime kernel: [    0.790000] pci 0000:00:03.0: reg 10: [mem 0xf0000000-0xf001ffff]
Sep 30 01:10:41 minime kernel: [    0.790000] pci 0000:00:03.0: reg 18: [io  0xd010-0xd017]
Sep 30 01:10:41 minime kernel: [    0.800000] pci 0000:00:04.0: [80ee:cafe] type 0 class 0x000880
Sep 30 01:10:41 minime kernel: [    0.800000] pci 0000:00:04.0: reg 10: [io  0xd020-0xd03f]
Sep 30 01:10:41 minime kernel: [    0.800000] pci 0000:00:04.0: reg 14: [mem 0xf0400000-0xf07fffff]
Sep 30 01:10:41 minime kernel: [    0.800000] pci 0000:00:04.0: reg 18: [mem 0xf0800000-0xf0803fff pref]
Sep 30 01:10:41 minime kernel: [    0.810000] pci 0000:00:05.0: [8086:2415] type 0 class 0x000401
Sep 30 01:10:41 minime kernel: [    0.810000] pci 0000:00:05.0: reg 10: [io  0xd100-0xd1ff]
Sep 30 01:10:41 minime kernel: [    0.810000] pci 0000:00:05.0: reg 14: [io  0xd200-0xd23f]
Sep 30 01:10:41 minime kernel: [    0.820000] pci 0000:00:06.0: [106b:003f] type 0 class 0x000c03
Sep 30 01:10:41 minime kernel: [    0.820000] pci 0000:00:06.0: reg 10: [mem 0xf0804000-0xf0804fff]
Sep 30 01:10:41 minime kernel: [    0.830000] pci 0000:00:07.0: [8086:7113] type 0 class 0x000680
Sep 30 01:10:41 minime kernel: [    0.830000] pci 0000:00:08.0: [8086:100e] type 0 class 0x000200
Sep 30 01:10:41 minime kernel: [    0.830000] pci 0000:00:08.0: reg 10: [mem 0xf0820000-0xf083ffff]
Sep 30 01:10:41 minime kernel: [    0.830000] pci 0000:00:08.0: reg 18: [io  0xd240-0xd247]
Sep 30 01:10:41 minime kernel: [    0.840000] pci 0000:00:0d.0: [8086:2829] type 0 class 0x000106
Sep 30 01:10:41 minime kernel: [    0.840000] pci 0000:00:0d.0: reg 10: [io  0xd248-0xd24f]
Sep 30 01:10:41 minime kernel: [    0.850000] pci 0000:00:0d.0: reg 18: [io  0xd258-0xd25f]
Sep 30 01:10:41 minime kernel: [    0.850000] pci 0000:00:0d.0: reg 20: [io  0xd270-0xd27f]
Sep 30 01:10:41 minime kernel: [    0.850000] pci 0000:00:0d.0: reg 24: [mem 0xf0840000-0xf0841fff]
Sep 30 01:10:41 minime kernel: [    0.860000] ACPI: PCI Interrupt Routing Table [\_SB_.PCI0._PRT]
Sep 30 01:10:41 minime kernel: [    0.870000] ACPI: PCI Interrupt Link [LNKA] (IRQs *5 9 10 11)
Sep 30 01:10:41 minime kernel: [    0.870000] ACPI: PCI Interrupt Link [LNKB] (IRQs 5 9 10 *11)
Sep 30 01:10:41 minime kernel: [    0.870000] ACPI: PCI Interrupt Link [LNKC] (IRQs 5 9 *10 11)
Sep 30 01:10:41 minime kernel: [    0.870000] ACPI: PCI Interrupt Link [LNKD] (IRQs 5 *9 10 11)
Sep 30 01:10:41 minime kernel: [    0.870000] vgaarb: device added: PCI:0000:00:02.0,decodes=io+mem,owns=io+mem,locks=none
Sep 30 01:10:41 minime kernel: [    0.870000] vgaarb: loaded
Sep 30 01:10:41 minime kernel: [    0.870000] SCSI subsystem initialized
Sep 30 01:10:41 minime kernel: [    0.880000] libata version 3.00 loaded.
Sep 30 01:10:41 minime kernel: [    0.880000] usbcore: registered new interface driver usbfs
Sep 30 01:10:41 minime kernel: [    0.880000] usbcore: registered new interface driver hub
Sep 30 01:10:41 minime kernel: [    0.880000] usbcore: registered new device driver usb
Sep 30 01:10:41 minime kernel: [    0.880000] wmi: Mapper loaded
Sep 30 01:10:41 minime kernel: [    0.880000] PCI: Using ACPI for IRQ routing
Sep 30 01:10:41 minime kernel: [    0.880000] PCI: pci_cache_line_size set to 64 bytes
Sep 30 01:10:41 minime kernel: [    0.880000] reserve RAM buffer: 000000000009fc00 - 000000000009ffff 
Sep 30 01:10:41 minime kernel: [    0.880000] reserve RAM buffer: 000000003fff0000 - 000000003fffffff 
Sep 30 01:10:41 minime kernel: [    0.880000] NetLabel: Initializing
Sep 30 01:10:41 minime kernel: [    0.880000] NetLabel:  domain hash size = 128
Sep 30 01:10:41 minime kernel: [    0.880000] NetLabel:  protocols = UNLABELED CIPSOv4
Sep 30 01:10:41 minime kernel: [    0.880000] NetLabel:  unlabeled traffic allowed by default
Sep 30 01:10:41 minime kernel: [    0.900000] AppArmor: AppArmor Filesystem Enabled
Sep 30 01:10:41 minime kernel: [    0.900000] pnp: PnP ACPI init
Sep 30 01:10:41 minime kernel: [    0.900000] ACPI: bus type pnp registered
Sep 30 01:10:41 minime kernel: [    0.900000] pnp 00:00: [bus 00-ff]
Sep 30 01:10:41 minime kernel: [    0.900000] pnp 00:00: [io  0x0cf8-0x0cff]
Sep 30 01:10:41 minime kernel: [    0.900000] pnp 00:00: [io  0x0000-0x0cf7 window]
Sep 30 01:10:41 minime kernel: [    0.900000] pnp 00:00: [io  0x0d00-0xffff window]
Sep 30 01:10:41 minime kernel: [    0.900000] pnp 00:00: [mem 0x000a0000-0x000bffff window]
Sep 30 01:10:41 minime kernel: [    0.900000] pnp 00:00: [mem 0x40000000-0xffdfffff window]
Sep 30 01:10:41 minime kernel: [    0.900000] pnp 00:00: Plug and Play ACPI device, IDs PNP0a03 (active)
Sep 30 01:10:41 minime kernel: [    0.900000] pnp 00:01: [io  0x0060]
Sep 30 01:10:41 minime kernel: [    0.900000] pnp 00:01: [io  0x0064]
Sep 30 01:10:41 minime kernel: [    0.900000] pnp 00:01: [irq 1]
Sep 30 01:10:41 minime kernel: [    0.900000] pnp 00:01: Plug and Play ACPI device, IDs PNP0303 (active)
Sep 30 01:10:41 minime kernel: [    0.900000] pnp 00:02: [io  0x0000-0x000f]
Sep 30 01:10:41 minime kernel: [    0.900000] pnp 00:02: [io  0x0080-0x008f]
Sep 30 01:10:41 minime kernel: [    0.900000] pnp 00:02: [io  0x00c0-0x00df]
Sep 30 01:10:41 minime kernel: [    0.900000] pnp 00:02: [dma 4]
Sep 30 01:10:41 minime kernel: [    0.900000] pnp 00:02: Plug and Play ACPI device, IDs PNP0200 (active)
Sep 30 01:10:41 minime kernel: [    0.900000] pnp 00:03: [irq 12]
Sep 30 01:10:41 minime kernel: [    0.900000] pnp 00:03: Plug and Play ACPI device, IDs PNP0f03 (active)
Sep 30 01:10:41 minime kernel: [    0.900000] pnp 00:04: [io  0x0378-0x037f]
Sep 30 01:10:41 minime kernel: [    0.900000] pnp 00:04: [io  0x0778-0x077f]
Sep 30 01:10:41 minime kernel: [    0.900000] pnp 00:04: [irq 7]
Sep 30 01:10:41 minime kernel: [    0.900000] pnp 00:04: Plug and Play ACPI device, IDs PNP0400 (active)
Sep 30 01:10:41 minime kernel: [    0.900000] pnp: PnP ACPI: found 5 devices
Sep 30 01:10:41 minime kernel: [    0.900000] ACPI: ACPI bus type pnp unregistered
Sep 30 01:10:41 minime kernel: [    0.910000] Switching to clocksource acpi_pm
Sep 30 01:10:41 minime kernel: [    0.910000] pci_bus 0000:00: resource 0 [io  0x0000-0xffff]
Sep 30 01:10:41 minime kernel: [    0.910000] pci_bus 0000:00: resource 1 [mem 0x00000000-0xfffffffff]
Sep 30 01:10:41 minime kernel: [    0.910000] NET: Registered protocol family 2
Sep 30 01:10:41 minime kernel: [    0.910000] IP route cache hash table entries: 32768 (order: 6, 262144 bytes)
Sep 30 01:10:41 minime kernel: [    0.910000] TCP established hash table entries: 131072 (order: 9, 2097152 bytes)
Sep 30 01:10:41 minime kernel: [    0.912966] Switched to NOHz mode on CPU #0
Sep 30 01:10:41 minime kernel: [    0.914400] Switched to NOHz mode on CPU #1
Sep 30 01:10:41 minime kernel: [    0.914400] TCP bind hash table entries: 65536 (order: 8, 1048576 bytes)
Sep 30 01:10:41 minime kernel: [    0.914400] TCP: Hash tables configured (established 131072 bind 65536)
Sep 30 01:10:41 minime kernel: [    0.914400] TCP reno registered
Sep 30 01:10:41 minime kernel: [    0.914400] UDP hash table entries: 512 (order: 2, 16384 bytes)
Sep 30 01:10:41 minime kernel: [    0.914400] UDP-Lite hash table entries: 512 (order: 2, 16384 bytes)
Sep 30 01:10:41 minime kernel: [    0.914400] NET: Registered protocol family 1
Sep 30 01:10:41 minime kernel: [    0.914400] pci 0000:00:00.0: Limiting direct PCI/PCI transfers
Sep 30 01:10:41 minime kernel: [    0.914400] pci 0000:00:01.0: Activating ISA DMA hang workarounds
Sep 30 01:10:41 minime kernel: [    0.914400] pci 0000:00:02.0: Boot video device
Sep 30 01:10:41 minime kernel: [    0.914400] PCI: CLS 0 bytes, default 64
Sep 30 01:10:41 minime kernel: [    0.914400] platform rtc_cmos: registered platform RTC device (no PNP device found)
Sep 30 01:10:41 minime kernel: [    0.914400] audit: initializing netlink socket (disabled)
Sep 30 01:10:41 minime kernel: [    0.914400] type=2000 audit(1317334228.910:1): initialized
Sep 30 01:10:41 minime kernel: [    0.970084] HugeTLB registered 2 MB page size, pre-allocated 0 pages
Sep 30 01:10:41 minime kernel: [    0.970084] VFS: Disk quotas dquot_6.5.2
Sep 30 01:10:41 minime kernel: [    0.970084] Dquot-cache hash table entries: 512 (order 0, 4096 bytes)
Sep 30 01:10:41 minime kernel: [    0.970150] fuse init (API version 7.16)
Sep 30 01:10:41 minime kernel: [    0.970150] msgmni has been set to 1966
Sep 30 01:10:41 minime kernel: [    0.970150] Block layer SCSI generic (bsg) driver version 0.4 loaded (major 253)
Sep 30 01:10:41 minime kernel: [    0.970150] io scheduler noop registered
Sep 30 01:10:41 minime kernel: [    0.970150] io scheduler deadline registered (default)
Sep 30 01:10:41 minime kernel: [    0.970150] io scheduler cfq registered
Sep 30 01:10:41 minime kernel: [    0.970150] pci_hotplug: PCI Hot Plug PCI Core version: 0.5
Sep 30 01:10:41 minime kernel: [    0.970150] pciehp: PCI Express Hot Plug Controller Driver version: 0.4
Sep 30 01:10:41 minime kernel: [    0.970150] ACPI: Deprecated procfs I/F for AC is loaded, please retry with CONFIG_ACPI_PROCFS_POWER cleared
Sep 30 01:10:41 minime kernel: [    0.970150] ACPI: AC Adapter [AC] (on-line)
Sep 30 01:10:41 minime kernel: [    0.970150] input: Power Button as /devices/LNXSYSTM:00/LNXPWRBN:00/input/input0
Sep 30 01:10:41 minime kernel: [    0.970150] ACPI: Power Button [PWRF]
Sep 30 01:10:41 minime kernel: [    0.970150] input: Sleep Button as /devices/LNXSYSTM:00/LNXSLPBN:00/input/input1
Sep 30 01:10:41 minime kernel: [    0.970150] ACPI: Sleep Button [SLPF]
Sep 30 01:10:41 minime kernel: [    0.970150] ACPI: acpi_idle registered with cpuidle
Sep 30 01:10:41 minime kernel: [    0.970150] ERST: Table is not found!
Sep 30 01:10:41 minime kernel: [    0.970150] Serial: 8250/16550 driver, 32 ports, IRQ sharing enabled
Sep 30 01:10:41 minime kernel: [    0.990904] ACPI: Deprecated procfs I/F for battery is loaded, please retry with CONFIG_ACPI_PROCFS_POWER cleared
Sep 30 01:10:41 minime kernel: [    0.990904] ACPI: Battery Slot [BAT0] (battery present)
Sep 30 01:10:41 minime kernel: [    1.680126] Freeing initrd memory: 12784k freed
Sep 30 01:10:41 minime kernel: [    2.000113] Linux agpgart interface v0.103
Sep 30 01:10:41 minime kernel: [    2.000113] brd: module loaded
Sep 30 01:10:41 minime kernel: [    2.000113] loop: module loaded
Sep 30 01:10:41 minime kernel: [    2.000113] i2c-core: driver [adp5520] using legacy suspend method
Sep 30 01:10:41 minime kernel: [    2.000113] i2c-core: driver [adp5520] using legacy resume method
Sep 30 01:10:41 minime kernel: [    2.000113] ata_piix 0000:00:01.1: version 2.13
Sep 30 01:10:41 minime kernel: [    2.000113] scsi0 : ata_piix
Sep 30 01:10:41 minime kernel: [    2.010161] scsi1 : ata_piix
Sep 30 01:10:41 minime kernel: [    2.010161] ata1: PATA max UDMA/33 cmd 0x1f0 ctl 0x3f6 bmdma 0xd000 irq 14
Sep 30 01:10:41 minime kernel: [    2.010161] ata2: PATA max UDMA/33 cmd 0x170 ctl 0x376 bmdma 0xd008 irq 15
Sep 30 01:10:41 minime kernel: [    2.010161] Fixed MDIO Bus: probed
Sep 30 01:10:41 minime kernel: [    2.010161] PPP generic driver version 2.4.2
Sep 30 01:10:41 minime kernel: [    2.010161] tun: Universal TUN/TAP device driver, 1.6
Sep 30 01:10:41 minime kernel: [    2.010161] tun: (C) 1999-2004 Max Krasnyansky <maxk@qualcomm.com>
Sep 30 01:10:41 minime kernel: [    2.010161] ehci_hcd: USB 2.0 'Enhanced' Host Controller (EHCI) Driver
Sep 30 01:10:41 minime kernel: [    2.010161] ohci_hcd: USB 1.1 'Open' Host Controller (OHCI) Driver
Sep 30 01:10:41 minime kernel: [    2.010161] ohci_hcd 0000:00:06.0: PCI INT A -> GSI 22 (level, low) -> IRQ 22
Sep 30 01:10:41 minime kernel: [    2.010161] ohci_hcd 0000:00:06.0: OHCI Host Controller
Sep 30 01:10:41 minime kernel: [    2.010161] ohci_hcd 0000:00:06.0: new USB bus registered, assigned bus number 1
Sep 30 01:10:41 minime kernel: [    2.011476] ohci_hcd 0000:00:06.0: irq 22, io mem 0xf0804000
Sep 30 01:10:41 minime kernel: [    2.070211] hub 1-0:1.0: USB hub found
Sep 30 01:10:41 minime kernel: [    2.070211] hub 1-0:1.0: 8 ports detected
Sep 30 01:10:41 minime kernel: [    2.070211] uhci_hcd: USB Universal Host Controller Interface driver
Sep 30 01:10:41 minime kernel: [    2.070211] i8042: PNP: PS/2 Controller [PNP0303:PS2K,PNP0f03:PS2M] at 0x60,0x64 irq 1,12
Sep 30 01:10:41 minime kernel: [    2.070211] serio: i8042 KBD port at 0x60,0x64 irq 1
Sep 30 01:10:41 minime kernel: [    2.070211] serio: i8042 AUX port at 0x60,0x64 irq 12
Sep 30 01:10:41 minime kernel: [    2.070211] mousedev: PS/2 mouse device common for all mice
Sep 30 01:10:41 minime kernel: [    2.070211] input: AT Translated Set 2 keyboard as /devices/platform/i8042/serio0/input/input2
Sep 30 01:10:41 minime kernel: [    2.077566] rtc_cmos rtc_cmos: rtc core: registered rtc_cmos as rtc0
Sep 30 01:10:41 minime kernel: [    2.077566] rtc0: alarms up to one day, 114 bytes nvram
Sep 30 01:10:41 minime kernel: [    2.077566] device-mapper: uevent: version 1.0.3
Sep 30 01:10:41 minime kernel: [    2.077566] device-mapper: ioctl: 4.19.1-ioctl (2011-01-07) initialised: dm-devel@redhat.com
Sep 30 01:10:41 minime kernel: [    2.079755] device-mapper: multipath: version 1.2.0 loaded
Sep 30 01:10:41 minime kernel: [    2.080120] device-mapper: multipath round-robin: version 1.0.0 loaded
Sep 30 01:10:41 minime kernel: [    2.090087] cpuidle: using governor ladder
Sep 30 01:10:41 minime kernel: [    2.090087] cpuidle: using governor menu
Sep 30 01:10:41 minime kernel: [    2.090087] TCP cubic registered
Sep 30 01:10:41 minime kernel: [    2.090087] NET: Registered protocol family 10
Sep 30 01:10:41 minime kernel: [    2.090087] NET: Registered protocol family 17
Sep 30 01:10:41 minime kernel: [    2.090087] Registering the dns_resolver key type
Sep 30 01:10:41 minime kernel: [    2.090087] PM: Hibernation image not present or could not be loaded.
Sep 30 01:10:41 minime kernel: [    2.090087] registered taskstats version 1
Sep 30 01:10:41 minime kernel: [    2.090087]   Magic number: 11:150:200
Sep 30 01:10:41 minime kernel: [    2.090087] rtc_cmos rtc_cmos: setting system clock to 2011-09-29 22:10:30 UTC (1317334230)
Sep 30 01:10:41 minime kernel: [    2.090087] BIOS EDD facility v0.16 2004-Jun-25, 0 devices found
Sep 30 01:10:41 minime kernel: [    2.090087] EDD information not available.
Sep 30 01:10:41 minime kernel: [    2.162094] ata2.00: ATAPI: VBOX CD-ROM, 1.0, max UDMA/133
Sep 30 01:10:41 minime kernel: [    2.164196] ata2.00: configured for UDMA/33
Sep 30 01:10:41 minime kernel: [    2.166687] scsi 1:0:0:0: CD-ROM            VBOX     CD-ROM           1.0  PQ: 0 ANSI: 5
Sep 30 01:10:41 minime kernel: [    2.168542] sr0: scsi3-mmc drive: 32x/32x xa/form2 tray
Sep 30 01:10:41 minime kernel: [    2.168542] cdrom: Uniform CD-ROM driver Revision: 3.20
Sep 30 01:10:41 minime kernel: [    2.168542] sr 1:0:0:0: Attached scsi CD-ROM sr0
Sep 30 01:10:41 minime kernel: [    2.168542] sr 1:0:0:0: Attached scsi generic sg0 type 5
Sep 30 01:10:41 minime kernel: [    2.180127] Freeing unused kernel memory: 880k freed
Sep 30 01:10:41 minime kernel: [    2.180127] Write protecting the kernel read-only data: 10240k
Sep 30 01:10:41 minime kernel: [    2.191073] Freeing unused kernel memory: 100k freed
Sep 30 01:10:41 minime kernel: [    2.201172] Freeing unused kernel memory: 1416k freed
Sep 30 01:10:41 minime kernel: [    2.278396] <30>udev[66]: starting version 167
Sep 30 01:10:41 minime kernel: [    2.440154] e1000: Intel(R) PRO/1000 Network Driver - version 7.3.21-k8-NAPI
Sep 30 01:10:41 minime kernel: [    2.440154] e1000: Copyright (c) 1999-2006 Intel Corporation.
Sep 30 01:10:41 minime kernel: [    2.440154] e1000 0000:00:03.0: PCI INT A -> GSI 19 (level, low) -> IRQ 19
Sep 30 01:10:41 minime kernel: [    2.620164] usb 1-1: new full speed USB device using ohci_hcd and address 2
Sep 30 01:10:41 minime kernel: [    2.990256] input: VirtualBox USB Tablet as /devices/pci0000:00/0000:00:06.0/usb1/1-1/1-1:1.0/input/input3
Sep 30 01:10:41 minime kernel: [    2.990256] generic-usb 0003:80EE:0021.0001: input,hidraw0: USB HID v1.10 Mouse [VirtualBox USB Tablet] on usb-0000:00:06.0-1/input0
Sep 30 01:10:41 minime kernel: [    2.990256] usbcore: registered new interface driver usbhid
Sep 30 01:10:41 minime kernel: [    2.990256] usbhid: USB HID core driver
Sep 30 01:10:41 minime kernel: [    3.440142] e1000 0000:00:03.0: eth0: (PCI:33MHz:32-bit) 08:00:27:25:80:b0
Sep 30 01:10:41 minime kernel: [    3.440142] e1000 0000:00:03.0: eth0: Intel(R) PRO/1000 Network Connection
Sep 30 01:10:41 minime kernel: [    3.440142] e1000 0000:00:08.0: PCI INT A -> GSI 16 (level, low) -> IRQ 16
Sep 30 01:10:41 minime kernel: [    4.400876] e1000 0000:00:08.0: eth1: (PCI:33MHz:32-bit) 08:00:27:d2:88:06
Sep 30 01:10:41 minime kernel: [    4.400876] e1000 0000:00:08.0: eth1: Intel(R) PRO/1000 Network Connection
Sep 30 01:10:41 minime kernel: [    4.409409] ahci 0000:00:0d.0: version 3.0
Sep 30 01:10:41 minime kernel: [    4.409409] ahci 0000:00:0d.0: PCI INT A -> GSI 21 (level, low) -> IRQ 21
Sep 30 01:10:41 minime kernel: [    4.410158] ahci: SSS flag set, parallel bus scan disabled
Sep 30 01:10:41 minime kernel: [    4.410158] ahci 0000:00:0d.0: AHCI 0001.0100 32 slots 1 ports 3 Gbps 0x1 impl SATA mode
Sep 30 01:10:41 minime kernel: [    4.410158] ahci 0000:00:0d.0: flags: 64bit ncq stag only ccc 
Sep 30 01:10:41 minime kernel: [    4.410158] scsi2 : ahci
Sep 30 01:10:41 minime kernel: [    4.410158] ata3: SATA max UDMA/133 abar m8192@0xf0840000 port 0xf0840100 irq 21
Sep 30 01:10:41 minime kernel: [    4.760231] ata3: SATA link up 3.0 Gbps (SStatus 123 SControl 300)
Sep 30 01:10:41 minime kernel: [    4.760231] ata3.00: ATA-6: VBOX HARDDISK, 1.0, max UDMA/133
Sep 30 01:10:41 minime kernel: [    4.760231] ata3.00: 33554432 sectors, multi 128: LBA48 NCQ (depth 31/32)
Sep 30 01:10:41 minime kernel: [    4.760231] ata3.00: configured for UDMA/133
Sep 30 01:10:41 minime kernel: [    4.762404] scsi 2:0:0:0: Direct-Access     ATA      VBOX HARDDISK    1.0  PQ: 0 ANSI: 5
Sep 30 01:10:41 minime kernel: [    4.762404] sd 2:0:0:0: Attached scsi generic sg1 type 0
Sep 30 01:10:41 minime kernel: [    4.762783] sd 2:0:0:0: [sda] 33554432 512-byte logical blocks: (17.1 GB/16.0 GiB)
Sep 30 01:10:41 minime kernel: [    4.764645] sd 2:0:0:0: [sda] Write Protect is off
Sep 30 01:10:41 minime kernel: [    4.764645] sd 2:0:0:0: [sda] Mode Sense: 00 3a 00 00
Sep 30 01:10:41 minime kernel: [    4.765248] sd 2:0:0:0: [sda] Write cache: enabled, read cache: enabled, doesn't support DPO or FUA
Sep 30 01:10:41 minime kernel: [    4.800923]  sda: sda1 sda2 < sda5 >
Sep 30 01:10:41 minime kernel: [    4.800923] sd 2:0:0:0: [sda] Attached SCSI disk
Sep 30 01:10:41 minime kernel: [    4.996031] EXT4-fs (sda1): INFO: recovery required on readonly filesystem
Sep 30 01:10:41 minime kernel: [    4.996031] EXT4-fs (sda1): write access will be enabled during recovery
Sep 30 01:10:41 minime kernel: [    9.730020] EXT4-fs (sda1): orphan cleanup on readonly fs
Sep 30 01:10:41 minime kernel: [    9.730020] EXT4-fs (sda1): ext4_orphan_cleanup: deleting unreferenced inode 393225
Sep 30 01:10:41 minime kernel: [    9.730020] EXT4-fs (sda1): 1 orphan inode deleted
Sep 30 01:10:41 minime kernel: [    9.730020] EXT4-fs (sda1): recovery complete
Sep 30 01:10:41 minime kernel: [    9.770082] EXT4-fs (sda1): mounted filesystem with ordered data mode. Opts: (null)
Sep 30 01:10:41 minime kernel: [   11.606510] Adding 1046524k swap on /dev/sda5.  Priority:-1 extents:1 across:1046524k 
Sep 30 01:10:41 minime kernel: [   12.090080] EXT4-fs (sda1): re-mounted. Opts: errors=remount-ro
Sep 30 01:10:41 minime kernel: [   12.830167] <30>udev[321]: starting version 167
Sep 30 01:10:42 minime kernel: [   13.730152] parport_pc 00:04: reported by Plug and Play ACPI
Sep 30 01:10:42 minime kernel: [   13.770140] piix4_smbus 0000:00:07.0: SMBus base address uninitialized - upgrade BIOS or use force_addr=0xaddr
Sep 30 01:10:42 minime kernel: [   13.780152] lp: driver loaded but no devices found
Sep 30 01:10:42 minime kernel: [   13.850154] ppdev: user-space parallel port driver
Sep 30 01:10:42 minime kernel: [   13.890139] input: ImExPS/2 Generic Explorer Mouse as /devices/platform/i8042/serio1/input/input4
Sep 30 01:10:42 minime kernel: [   14.571208] type=1400 audit(1317334242.970:2): apparmor="STATUS" operation="profile_load" name="/sbin/dhclient" pid=468 comm="apparmor_parser"
Sep 30 01:10:42 minime kernel: [   14.571208] type=1400 audit(1317334242.970:3): apparmor="STATUS" operation="profile_load" name="/usr/lib/NetworkManager/nm-dhcp-client.action" pid=468 comm="apparmor_parser"
Sep 30 01:10:42 minime kernel: [   14.580107] type=1400 audit(1317334242.980:4): apparmor="STATUS" operation="profile_load" name="/usr/lib/connman/scripts/dhclient-script" pid=468 comm="apparmor_parser"
Sep 30 01:10:43 minime kernel: [   14.590107] type=1400 audit(1317334242.990:5): apparmor="STATUS" operation="profile_replace" name="/sbin/dhclient" pid=466 comm="apparmor_parser"
Sep 30 01:10:43 minime kernel: [   14.590107] type=1400 audit(1317334242.990:6): apparmor="STATUS" operation="profile_replace" name="/sbin/dhclient" pid=467 comm="apparmor_parser"
Sep 30 01:10:43 minime kernel: [   14.590107] type=1400 audit(1317334242.990:7): apparmor="STATUS" operation="profile_replace" name="/usr/lib/NetworkManager/nm-dhcp-client.action" pid=466 comm="apparmor_parser"
Sep 30 01:10:43 minime kernel: [   14.590107] type=1400 audit(1317334242.990:8): apparmor="STATUS" operation="profile_replace" name="/usr/lib/NetworkManager/nm-dhcp-client.action" pid=467 comm="apparmor_parser"
Sep 30 01:10:43 minime kernel: [   14.590107] type=1400 audit(1317334242.990:9): apparmor="STATUS" operation="profile_replace" name="/usr/lib/connman/scripts/dhclient-script" pid=466 comm="apparmor_parser"
Sep 30 01:10:43 minime kernel: [   14.600102] type=1400 audit(1317334243.000:10): apparmor="STATUS" operation="profile_replace" name="/usr/lib/connman/scripts/dhclient-script" pid=467 comm="apparmor_parser"
Sep 30 01:10:43 minime udev-configure-printer: add /module/lp
Sep 30 01:10:43 minime udev-configure-printer: Failed to get parent
Sep 30 01:10:43 minime kernel: [   14.630148] Intel ICH 0000:00:05.0: PCI INT A -> GSI 21 (level, low) -> IRQ 21
Sep 30 01:10:43 minime kernel: [   15.010150] intel8x0_measure_ac97_clock: measured 59840 usecs (6239 samples)
Sep 30 01:10:43 minime kernel: [   15.010150] intel8x0: measured clock 104261 rejected
Sep 30 01:10:43 minime dhclient: can't create /var/lib/dhcp3/dhclient.eth0.leases: No such file or directory
Sep 30 01:10:43 minime dhclient: can't create /var/lib/dhcp3/dhclient.eth1.leases: No such file or directory
Sep 30 01:10:43 minime kernel: [   15.380164] intel8x0_measure_ac97_clock: measured 59827 usecs (7680 samples)
Sep 30 01:10:43 minime kernel: [   15.380164] intel8x0: measured clock 128370 rejected
Sep 30 01:10:44 minime avahi-daemon[641]: Found user 'avahi' (UID 106) and group 'avahi' (GID 115).
Sep 30 01:10:44 minime avahi-daemon[641]: Successfully dropped root privileges.
Sep 30 01:10:44 minime avahi-daemon[641]: avahi-daemon 0.6.30 starting up.
Sep 30 01:10:44 minime kernel: [   15.710999] type=1400 audit(1317334244.120:11): apparmor="STATUS" operation="profile_replace" name="/sbin/dhclient" pid=643 comm="apparmor_parser"
Sep 30 01:10:44 minime kernel: [   15.750218] intel8x0_measure_ac97_clock: measured 59865 usecs (7680 samples)
Sep 30 01:10:44 minime kernel: [   15.750218] intel8x0: measured clock 128288 rejected
Sep 30 01:10:44 minime kernel: [   15.750218] intel8x0: clocking to 48000
Sep 30 01:10:44 minime avahi-daemon[641]: Successfully called chroot().
Sep 30 01:10:44 minime avahi-daemon[641]: Successfully dropped remaining capabilities.
Sep 30 01:10:44 minime avahi-daemon[641]: Loading service file /services/udisks.service.
Sep 30 01:10:44 minime avahi-daemon[641]: Network interface enumeration completed.
Sep 30 01:10:44 minime avahi-daemon[641]: Registering HINFO record with values 'X86_64'/'LINUX'.
Sep 30 01:10:44 minime avahi-daemon[641]: Server startup complete. Host name is minime.local. Local service cookie is 2231306662.
Sep 30 01:10:44 minime avahi-daemon[641]: Service "minime" (/services/udisks.service) successfully established.
Sep 30 01:10:44 minime kernel: [   15.870101] e1000: eth1 NIC Link is Up 1000 Mbps Full Duplex, Flow Control: RX
Sep 30 01:10:44 minime kernel: [   15.870101] ADDRCONF(NETDEV_UP): eth1: link is not ready
Sep 30 01:10:44 minime kernel: [   15.881223] e1000: eth0 NIC Link is Up 1000 Mbps Full Duplex, Flow Control: RX
Sep 30 01:10:44 minime kernel: [   15.880115] ADDRCONF(NETDEV_UP): eth0: link is not ready
Sep 30 01:10:44 minime kernel: [   15.888535] ADDRCONF(NETDEV_CHANGE): eth1: link becomes ready
Sep 30 01:10:44 minime kernel: [   15.890281] ADDRCONF(NETDEV_CHANGE): eth0: link becomes ready
Sep 30 01:10:44 minime dhclient: DHCPDISCOVER on eth1 to 255.255.255.255 port 67 interval 3
Sep 30 01:10:44 minime dhclient: DHCPDISCOVER on eth0 to 255.255.255.255 port 67 interval 3
Sep 30 01:10:44 minime dhclient: DHCPOFFER of 192.168.56.101 from 192.168.56.100
Sep 30 01:10:44 minime dhclient: DHCPREQUEST of 192.168.56.101 on eth1 to 255.255.255.255 port 67
Sep 30 01:10:44 minime dhclient: DHCPACK of 192.168.56.101 from 192.168.56.100
Sep 30 01:10:44 minime dhclient: DHCPOFFER of 192.168.38.4 from 192.168.38.1
Sep 30 01:10:44 minime dhclient: DHCPREQUEST of 192.168.38.4 on eth0 to 255.255.255.255 port 67
Sep 30 01:10:44 minime dhclient: DHCPACK of 192.168.38.4 from 192.168.38.1
Sep 30 01:10:44 minime avahi-daemon[641]: Joining mDNS multicast group on interface eth1.IPv4 with address 192.168.56.101.
Sep 30 01:10:44 minime avahi-daemon[641]: New relevant interface eth1.IPv4 for mDNS.
Sep 30 01:10:44 minime avahi-daemon[641]: Registering new address record for 192.168.56.101 on eth1.IPv4.
Sep 30 01:10:44 minime avahi-daemon[641]: Joining mDNS multicast group on interface eth0.IPv4 with address 192.168.38.4.
Sep 30 01:10:44 minime avahi-daemon[641]: New relevant interface eth0.IPv4 for mDNS.
Sep 30 01:10:44 minime avahi-daemon[641]: Registering new address record for 192.168.38.4 on eth0.IPv4.
Sep 30 01:10:44 minime dhclient: can't create /var/lib/dhcp3/dhclient.eth0.leases: No such file or directory
Sep 30 01:10:44 minime dhclient: bound to 192.168.38.4 -- renewal in 1649 seconds.
Sep 30 01:10:44 minime dhclient: can't create /var/lib/dhcp3/dhclient.eth1.leases: No such file or directory
Sep 30 01:10:44 minime dhclient: bound to 192.168.56.101 -- renewal in 1419 seconds.
Sep 30 01:10:45 minime avahi-daemon[641]: Joining mDNS multicast group on interface eth1.IPv6 with address fe80::a00:27ff:fed2:8806.
Sep 30 01:10:45 minime avahi-daemon[641]: New relevant interface eth1.IPv6 for mDNS.
Sep 30 01:10:45 minime avahi-daemon[641]: Registering new address record for fe80::a00:27ff:fed2:8806 on eth1.*.
Sep 30 01:10:45 minime acpid: starting up with proc fs
Sep 30 01:10:45 minime cron[762]: (CRON) INFO (pidfile fd = 3)
Sep 30 01:10:45 minime NetworkManager[777]: <info> NetworkManager (version 0.8.3.998) is starting...
Sep 30 01:10:45 minime NetworkManager[777]: <info> Read config file /etc/NetworkManager/NetworkManager.conf
Sep 30 01:10:45 minime avahi-daemon[641]: Joining mDNS multicast group on interface eth0.IPv6 with address fe80::a00:27ff:fe25:80b0.
Sep 30 01:10:45 minime avahi-daemon[641]: New relevant interface eth0.IPv6 for mDNS.
Sep 30 01:10:45 minime avahi-daemon[641]: Registering new address record for fe80::a00:27ff:fe25:80b0 on eth0.*.
Sep 30 01:10:46 minime anacron[795]: Anacron 2.3 started on 2011-09-30
Sep 30 01:10:46 minime init: apport pre-start process (756) terminated with status 1
Sep 30 01:10:46 minime cron[798]: (CRON) STARTUP (fork ok)
Sep 30 01:10:46 minime init: apport post-stop process (797) terminated with status 1
Sep 30 01:10:46 minime cron[798]: (CRON) INFO (Running @reboot jobs)
Sep 30 01:10:46 minime anacron[795]: Will run job `cron.daily' in 5 min.
Sep 30 01:10:46 minime anacron[795]: Jobs will be executed sequentially
Sep 30 01:10:46 minime acpid: 32 rules loaded
Sep 30 01:10:46 minime acpid: waiting for events: event logging is off
Sep 30 01:10:46 minime NetworkManager[777]: <info> VPN: loaded org.freedesktop.NetworkManager.pptp
Sep 30 01:10:46 minime kernel: [   18.446666] vesafb: framebuffer at 0xe0000000, mapped to 0xffffc90000700000, using 1216k, total 1216k
Sep 30 01:10:46 minime kernel: [   18.446666] vesafb: mode is 640x480x32, linelength=2560, pages=0
Sep 30 01:10:46 minime kernel: [   18.446666] vesafb: scrolling: redraw
Sep 30 01:10:46 minime kernel: [   18.446666] vesafb: Truecolor: size=8:8:8:8, shift=24:16:8:0
Sep 30 01:10:46 minime kernel: [   18.446666] Console: switching to colour frame buffer device 80x30
Sep 30 01:10:46 minime kernel: [   18.460159] fb0: VESA VGA frame buffer device
Sep 30 01:10:46 minime NetworkManager[777]: <info> trying to start the modem manager...
Sep 30 01:10:47 minime modem-manager[831]: <info>  ModemManager (version 0.4) starting...
Sep 30 01:10:47 minime init: ssh main process (315) terminated with status 255
Sep 30 01:10:47 minime modem-manager[831]: <info>  Loaded plugin Generic
Sep 30 01:10:47 minime modem-manager[831]: <info>  Loaded plugin Sierra
Sep 30 01:10:47 minime modem-manager[831]: <info>  Loaded plugin MotoC
Sep 30 01:10:47 minime modem-manager[831]: <info>  Loaded plugin Ericsson MBM
Sep 30 01:10:47 minime modem-manager[831]: <info>  Loaded plugin Longcheer
Sep 30 01:10:47 minime modem-manager[831]: <info>  Loaded plugin AnyData
Sep 30 01:10:47 minime modem-manager[831]: <info>  Loaded plugin Option High-Speed
Sep 30 01:10:47 minime modem-manager[831]: <info>  Loaded plugin Huawei
Sep 30 01:10:47 minime modem-manager[831]: <info>  Loaded plugin Novatel
Sep 30 01:10:47 minime modem-manager[831]: <info>  Loaded plugin Gobi
Sep 30 01:10:47 minime polkitd[869]: started daemon version 0.101 using authority implementation `local' version `0.101'
Sep 30 01:10:47 minime modem-manager[831]: <info>  Loaded plugin Nokia
Sep 30 01:10:47 minime NetworkManager[777]: <info> monitoring kernel firmware directory '/lib/firmware'.
Sep 30 01:10:47 minime modem-manager[831]: <info>  Loaded plugin Option
Sep 30 01:10:47 minime modem-manager[831]: <info>  Loaded plugin X22X
Sep 30 01:10:47 minime modem-manager[831]: <info>  Loaded plugin ZTE
Sep 30 01:10:48 minime modem-manager[831]: <info>  Loaded plugin Linktop
Sep 30 01:10:48 minime modem-manager[831]: <info>  Loaded plugin SimTech
Sep 30 01:10:48 minime NetworkManager[777]:    SCPlugin-Ifupdown: init!
Sep 30 01:10:48 minime NetworkManager[777]:    SCPlugin-Ifupdown: update_system_hostname
Sep 30 01:10:48 minime NetworkManager[777]:    SCPluginIfupdown: guessed connection type (eth0) = 802-3-ethernet
Sep 30 01:10:48 minime gdm-binary[846]: WARNING: Unable to find users: no seat-id found
Sep 30 01:10:48 minime NetworkManager[777]:    SCPlugin-Ifupdown: update_connection_setting_from_if_block: name:eth0, type:802-3-ethernet, id:Ifupdown (eth0), uuid: 681b428f-beaf-8932-dce4-687ed5bae28e
Sep 30 01:10:48 minime NetworkManager[777]:    SCPlugin-Ifupdown: adding eth0 to iface_connections
Sep 30 01:10:48 minime NetworkManager[777]:    SCPlugin-Ifupdown: adding iface eth0 to well_known_interfaces
Sep 30 01:10:48 minime NetworkManager[777]:    SCPluginIfupdown: guessed connection type (eth1) = 802-3-ethernet
Sep 30 01:10:48 minime NetworkManager[777]:    SCPlugin-Ifupdown: update_connection_setting_from_if_block: name:eth1, type:802-3-ethernet, id:Ifupdown (eth1), uuid: 7b635ed6-2640-7ad8-675d-744db12dd9fa
Sep 30 01:10:48 minime NetworkManager[777]:    SCPlugin-Ifupdown: adding eth1 to iface_connections
Sep 30 01:10:48 minime NetworkManager[777]:    SCPlugin-Ifupdown: adding iface eth1 to well_known_interfaces
Sep 30 01:10:48 minime NetworkManager[777]:    SCPlugin-Ifupdown: autoconnect
Sep 30 01:10:48 minime NetworkManager[777]:    SCPlugin-Ifupdown: autoconnect
Sep 30 01:10:48 minime NetworkManager[777]:    SCPluginIfupdown: management mode: unmanaged
Sep 30 01:10:48 minime NetworkManager[777]:    SCPlugin-Ifupdown: devices added (path: /sys/devices/pci0000:00/0000:00:03.0/net/eth0, iface: eth0)
Sep 30 01:10:48 minime NetworkManager[777]:    SCPluginIfupdown: locking wired connection setting
Sep 30 01:10:48 minime NetworkManager[777]:    SCPlugin-Ifupdown: devices added (path: /sys/devices/pci0000:00/0000:00:08.0/net/eth1, iface: eth1)
Sep 30 01:10:48 minime NetworkManager[777]:    SCPluginIfupdown: locking wired connection setting
Sep 30 01:10:48 minime NetworkManager[777]:    SCPlugin-Ifupdown: devices added (path: /sys/devices/virtual/net/lo, iface: lo)
Sep 30 01:10:48 minime NetworkManager[777]:    SCPlugin-Ifupdown: device added (path: /sys/devices/virtual/net/lo, iface: lo): no ifupdown configuration found.
Sep 30 01:10:48 minime NetworkManager[777]:    SCPlugin-Ifupdown: end _init.
Sep 30 01:10:48 minime NetworkManager[777]: <info> Loaded plugin ifupdown: (C) 2008 Canonical Ltd.  To report bugs please use the NetworkManager mailing list.
Sep 30 01:10:48 minime NetworkManager[777]: <info> Loaded plugin keyfile: (c) 2007 - 2010 Red Hat, Inc.  To report bugs please use the NetworkManager mailing list.
Sep 30 01:10:48 minime NetworkManager[777]:    Ifupdown: get unmanaged devices count: 2
Sep 30 01:10:48 minime NetworkManager[777]:    SCPlugin-Ifupdown: (21626208) ... get_connections.
Sep 30 01:10:48 minime NetworkManager[777]:    SCPlugin-Ifupdown: (21626208) ... get_connections (managed=false): return empty list.
Sep 30 01:10:48 minime NetworkManager[777]:    Ifupdown: get unmanaged devices count: 2
Sep 30 01:10:48 minime NetworkManager[777]: <info> WiFi enabled by radio killswitch; enabled by state file
Sep 30 01:10:48 minime NetworkManager[777]: <info> WWAN enabled by radio killswitch; enabled by state file
Sep 30 01:10:48 minime NetworkManager[777]: <info> WiMAX enabled by radio killswitch; enabled by state file
Sep 30 01:10:48 minime NetworkManager[777]: <info> Networking is enabled by state file
Sep 30 01:10:48 minime NetworkManager[777]: <info> (eth0): carrier is ON
Sep 30 01:10:48 minime NetworkManager[777]: <info> (eth0): new Ethernet device (driver: 'e1000' ifindex: 2)
Sep 30 01:10:48 minime NetworkManager[777]: <info> (eth0): exported as /org/freedesktop/NetworkManager/Devices/0
Sep 30 01:10:48 minime NetworkManager[777]: <info> (eth1): carrier is ON
Sep 30 01:10:48 minime NetworkManager[777]: <info> (eth1): new Ethernet device (driver: 'e1000' ifindex: 3)
Sep 30 01:10:48 minime NetworkManager[777]: <info> (eth1): exported as /org/freedesktop/NetworkManager/Devices/1
Sep 30 01:10:48 minime NetworkManager[777]: <info> modem-manager is now available
Sep 30 01:10:48 minime NetworkManager[777]: <warn> bluez error getting default adapter: The name org.bluez was not provided by any .service files
Sep 30 01:10:48 minime NetworkManager[777]: <info> Trying to start the supplicant...
Sep 30 01:10:49 minime acpid: client connected from 1045[0:0]
Sep 30 01:10:49 minime acpid: 1 client rule loaded
Sep 30 01:10:50 minime kernel: [   22.560158] EXT4-fs (sda1): re-mounted. Opts: errors=remount-ro,commit=0
Sep 30 01:10:54 minime kernel: [   26.130171] eth1: no IPv6 routers present
Sep 30 01:10:54 minime kernel: [   26.570126] eth0: no IPv6 routers present
Sep 30 01:10:55 minime ntpdate[859]: adjust time server 91.189.94.4 offset -0.031930 sec
Sep 30 01:10:57 minime kernel: [   28.620101] EXT4-fs (sda1): re-mounted. Opts: errors=remount-ro,commit=0
Sep 30 01:10:57 minime gdm-simple-greeter[1292]: Gtk-WARNING: /build/buildd/gtk+2.0-2.24.4/gtk/gtkwidget.c:5687: widget not within a GtkWindow
Sep 30 01:10:58 minime gdm-simple-greeter[1292]: WARNING: Unable to load CK history: no seat-id found
Sep 30 01:10:59 minime gdm-session-worker[1298]: GLib-GObject-CRITICAL: g_value_get_boolean: assertion `G_VALUE_HOLDS_BOOLEAN (value)' failed
Sep 30 01:11:05 minime rtkit-daemon[1542]: Successfully called chroot.
Sep 30 01:11:05 minime rtkit-daemon[1542]: Successfully dropped privileges.
Sep 30 01:11:05 minime rtkit-daemon[1542]: Successfully limited resources.
Sep 30 01:11:05 minime rtkit-daemon[1542]: Running.
Sep 30 01:11:05 minime rtkit-daemon[1542]: Watchdog thread running.
Sep 30 01:11:05 minime rtkit-daemon[1542]: Canary thread running.
Sep 30 01:11:05 minime rtkit-daemon[1542]: Successfully made thread 1538 of process 1538 (n/a) owned by '1000' high priority at nice level -11.
Sep 30 01:11:05 minime rtkit-daemon[1542]: Supervising 1 threads of 1 processes of 1 users.
Sep 30 01:11:05 minime NetworkManager[777]: <info> Unmanaged Device found; state CONNECTED forced. (see http://bugs.launchpad.net/bugs/191889)
Sep 30 01:11:05 minime NetworkManager[777]: <info> Unmanaged Device found; state CONNECTED forced. (see http://bugs.launchpad.net/bugs/191889)
Sep 30 01:11:06 minime pulseaudio[1538]: alsa-util.c: Disabling timer-based scheduling because running inside a VM.
Sep 30 01:11:06 minime rtkit-daemon[1542]: Successfully made thread 1576 of process 1538 (n/a) owned by '1000' RT at priority 5.
Sep 30 01:11:06 minime rtkit-daemon[1542]: Supervising 2 threads of 1 processes of 1 users.
Sep 30 01:11:06 minime pulseaudio[1538]: alsa-util.c: Disabling timer-based scheduling because running inside a VM.
Sep 30 01:11:06 minime rtkit-daemon[1542]: Successfully made thread 1577 of process 1538 (n/a) owned by '1000' RT at priority 5.
Sep 30 01:11:06 minime rtkit-daemon[1542]: Supervising 3 threads of 1 processes of 1 users.
Sep 30 01:11:06 minime rtkit-daemon[1542]: Successfully made thread 1581 of process 1581 (n/a) owned by '1000' high priority at nice level -11.
Sep 30 01:11:06 minime rtkit-daemon[1542]: Supervising 4 threads of 2 processes of 1 users.
Sep 30 01:11:06 minime pulseaudio[1581]: pid.c: Daemon already running.
Sep 30 01:11:06 minime rtkit-daemon[1542]: Successfully made thread 1582 of process 1582 (n/a) owned by '1000' high priority at nice level -11.
Sep 30 01:11:06 minime rtkit-daemon[1542]: Supervising 4 threads of 2 processes of 1 users.
Sep 30 01:11:06 minime pulseaudio[1582]: pid.c: Daemon already running.
Sep 30 01:11:07 minime pulseaudio[1538]: alsa-source.c: ALSA woke us up to read new data from the device, but there was actually nothing to read!
Sep 30 01:11:07 minime pulseaudio[1538]: alsa-source.c: Most likely this is a bug in the ALSA driver 'snd_intel8x0'. Please report this issue to the ALSA developers.
Sep 30 01:11:07 minime pulseaudio[1538]: alsa-source.c: We were woken up with POLLIN set -- however a subsequent snd_pcm_avail() returned 0 or another value < min_avail.
Sep 30 01:11:07 minime pulseaudio[1538]: alsa-sink.c: ALSA woke us up to write new data to the device, but there was actually nothing to write!
Sep 30 01:11:07 minime pulseaudio[1538]: alsa-sink.c: Most likely this is a bug in the ALSA driver 'snd_intel8x0'. Please report this issue to the ALSA developers.
Sep 30 01:11:07 minime pulseaudio[1538]: alsa-sink.c: We were woken up with POLLOUT set -- however a subsequent snd_pcm_avail() returned 0 or another value < min_avail.
Sep 30 01:11:10 minime ntpdate[1383]: adjust time server 91.189.94.4 offset -0.026620 sec
Sep 30 01:11:14 minime kernel: [   46.279470] ISO 9660 Extensions: Microsoft Joliet Level 3
Sep 30 01:11:14 minime kernel: [   46.300152] ISO 9660 Extensions: RRIP_1991A
Sep 30 01:14:44 minime kernel: [  256.532483] pci 0000:00:04.0: PCI INT A -> GSI 20 (level, low) -> IRQ 20
Sep 30 01:14:44 minime kernel: [  256.535178] vboxguest: major 0, IRQ 20, I/O port d020, MMIO at 00000000f0400000 (size 0x400000)
Sep 30 01:14:44 minime kernel: [  256.540342] vboxguest: Successfully loaded version 4.1.2 (interface 0x00010004)
Sep 30 01:14:45 minime kernel: [  256.581318] vboxsf: Successfully loaded version 4.1.2 (interface 0x00010004)
Sep 30 01:15:01 minime kernel: Kernel logging (proc) stopped.
Sep 30 01:15:01 minime rsyslogd: [origin software="rsyslogd" swVersion="4.6.4" x-pid="316" x-info="http://www.rsyslog.com"] exiting on signal 15.
Sep 30 01:15:39 minime kernel: imklog 4.6.4, log source = /proc/kmsg started.
Sep 30 01:15:39 minime rsyslogd: [origin software="rsyslogd" swVersion="4.6.4" x-pid="313" x-info="http://www.rsyslog.com"] (re)start
Sep 30 01:15:39 minime rsyslogd: rsyslogd's groupid changed to 103
Sep 30 01:15:39 minime rsyslogd: rsyslogd's userid changed to 101
Sep 30 01:15:39 minime rsyslogd-2039: Could no open output pipe '/dev/xconsole' [try http://www.rsyslog.com/e/2039 ]
Sep 30 01:15:39 minime kernel: [    0.000000] Initializing cgroup subsys cpuset
Sep 30 01:15:39 minime kernel: [    0.000000] Initializing cgroup subsys cpu
Sep 30 01:15:39 minime kernel: [    0.000000] Linux version 2.6.38-11-server (buildd@allspice) (gcc version 4.5.2 (Ubuntu/Linaro 4.5.2-8ubuntu4) ) #50-Ubuntu SMP Mon Sep 12 21:34:27 UTC 2011 (Ubuntu 2.6.38-11.50-server 2.6.38.8)
Sep 30 01:15:39 minime kernel: [    0.000000] Command line: BOOT_IMAGE=/boot/vmlinuz-2.6.38-11-server root=UUID=c7a24044-7a83-4eff-9c90-667e828ee5f5 ro quiet
Sep 30 01:15:39 minime kernel: [    0.000000] BIOS-provided physical RAM map:
Sep 30 01:15:39 minime kernel: [    0.000000]  BIOS-e820: 0000000000000000 - 000000000009fc00 (usable)
Sep 30 01:15:39 minime kernel: [    0.000000]  BIOS-e820: 000000000009fc00 - 00000000000a0000 (reserved)
Sep 30 01:15:39 minime kernel: [    0.000000]  BIOS-e820: 00000000000f0000 - 0000000000100000 (reserved)
Sep 30 01:15:39 minime kernel: [    0.000000]  BIOS-e820: 0000000000100000 - 000000003fff0000 (usable)
Sep 30 01:15:39 minime kernel: [    0.000000]  BIOS-e820: 000000003fff0000 - 0000000040000000 (ACPI data)
Sep 30 01:15:39 minime kernel: [    0.000000]  BIOS-e820: 00000000fffc0000 - 0000000100000000 (reserved)
Sep 30 01:15:39 minime kernel: [    0.000000] NX (Execute Disable) protection: active
Sep 30 01:15:39 minime kernel: [    0.000000] DMI 2.5 present.
Sep 30 01:15:39 minime kernel: [    0.000000] DMI: innotek GmbH VirtualBox, BIOS VirtualBox 12/01/2006
Sep 30 01:15:39 minime kernel: [    0.000000] e820 update range: 0000000000000000 - 0000000000010000 (usable) ==> (reserved)
Sep 30 01:15:39 minime kernel: [    0.000000] e820 remove range: 00000000000a0000 - 0000000000100000 (usable)
Sep 30 01:15:39 minime kernel: [    0.000000] No AGP bridge found
Sep 30 01:15:39 minime kernel: [    0.000000] last_pfn = 0x3fff0 max_arch_pfn = 0x400000000
Sep 30 01:15:39 minime kernel: [    0.000000] MTRR default type: uncachable
Sep 30 01:15:39 minime kernel: [    0.000000] MTRR variable ranges disabled:
Sep 30 01:15:39 minime kernel: [    0.000000] x86 PAT enabled: cpu 0, old 0x7040600070406, new 0x7010600070106
Sep 30 01:15:39 minime kernel: [    0.000000] CPU MTRRs all blank - virtualized system.
Sep 30 01:15:39 minime kernel: [    0.000000] found SMP MP-table at [ffff88000009fff0] 9fff0
Sep 30 01:15:39 minime kernel: [    0.000000] initial memory mapped : 0 - 20000000
Sep 30 01:15:39 minime kernel: [    0.000000] init_memory_mapping: 0000000000000000-000000003fff0000
Sep 30 01:15:39 minime kernel: [    0.000000]  0000000000 - 003fe00000 page 2M
Sep 30 01:15:39 minime kernel: [    0.000000]  003fe00000 - 003fff0000 page 4k
Sep 30 01:15:39 minime kernel: [    0.000000] kernel direct mapping tables up to 3fff0000 @ 1fffd000-20000000
Sep 30 01:15:39 minime kernel: [    0.000000] RAMDISK: 366f8000 - 37374000
Sep 30 01:15:39 minime kernel: [    0.000000] ACPI: RSDP 00000000000e0000 00024 (v02 VBOX  )
Sep 30 01:15:39 minime kernel: [    0.000000] ACPI: XSDT 000000003fff0030 0003C (v01 VBOX   VBOXXSDT 00000001 ASL  00000061)
Sep 30 01:15:39 minime kernel: [    0.000000] ACPI: FACP 000000003fff00f0 000F4 (v04 VBOX   VBOXFACP 00000001 ASL  00000061)
Sep 30 01:15:39 minime kernel: [    0.000000] ACPI: DSDT 000000003fff0470 01B96 (v01 VBOX   VBOXBIOS 00000002 INTL 20100528)
Sep 30 01:15:39 minime kernel: [    0.000000] ACPI: FACS 000000003fff0200 00040
Sep 30 01:15:39 minime kernel: [    0.000000] ACPI: APIC 000000003fff0240 0005C (v02 VBOX   VBOXAPIC 00000001 ASL  00000061)
Sep 30 01:15:39 minime kernel: [    0.000000] ACPI: SSDT 000000003fff02a0 001CC (v01 VBOX   VBOXCPUT 00000002 INTL 20100528)
Sep 30 01:15:39 minime kernel: [    0.000000] ACPI: Local APIC address 0xfee00000
Sep 30 01:15:39 minime kernel: [    0.000000] No NUMA configuration found
Sep 30 01:15:39 minime kernel: [    0.000000] Faking a node at 0000000000000000-000000003fff0000
Sep 30 01:15:39 minime kernel: [    0.000000] Initmem setup node 0 0000000000000000-000000003fff0000
Sep 30 01:15:39 minime kernel: [    0.000000]   NODE_DATA [000000003ffeb000 - 000000003ffeffff]
Sep 30 01:15:39 minime kernel: [    0.000000]  [ffffea0000000000-ffffea0000dfffff] PMD -> [ffff88003e600000-ffff88003f3fffff] on node 0
Sep 30 01:15:39 minime kernel: [    0.000000] Zone PFN ranges:
Sep 30 01:15:39 minime kernel: [    0.000000]   DMA      0x00000010 -> 0x00001000
Sep 30 01:15:39 minime kernel: [    0.000000]   DMA32    0x00001000 -> 0x00100000
Sep 30 01:15:39 minime kernel: [    0.000000]   Normal   empty
Sep 30 01:15:39 minime kernel: [    0.000000] Movable zone start PFN for each node
Sep 30 01:15:39 minime kernel: [    0.000000] early_node_map[2] active PFN ranges
Sep 30 01:15:39 minime kernel: [    0.000000]     0: 0x00000010 -> 0x0000009f
Sep 30 01:15:39 minime kernel: [    0.000000]     0: 0x00000100 -> 0x0003fff0
Sep 30 01:15:39 minime kernel: [    0.000000] On node 0 totalpages: 262015
Sep 30 01:15:39 minime kernel: [    0.000000]   DMA zone: 56 pages used for memmap
Sep 30 01:15:39 minime kernel: [    0.000000]   DMA zone: 6 pages reserved
Sep 30 01:15:39 minime kernel: [    0.000000]   DMA zone: 3921 pages, LIFO batch:0
Sep 30 01:15:39 minime kernel: [    0.000000]   DMA32 zone: 3528 pages used for memmap
Sep 30 01:15:39 minime kernel: [    0.000000]   DMA32 zone: 254504 pages, LIFO batch:31
Sep 30 01:15:39 minime kernel: [    0.000000] ACPI: PM-Timer IO Port: 0x4008
Sep 30 01:15:39 minime kernel: [    0.000000] ACPI: Local APIC address 0xfee00000
Sep 30 01:15:39 minime kernel: [    0.000000] ACPI: LAPIC (acpi_id[0x00] lapic_id[0x00] enabled)
Sep 30 01:15:39 minime kernel: [    0.000000] ACPI: LAPIC (acpi_id[0x01] lapic_id[0x01] enabled)
Sep 30 01:15:39 minime kernel: [    0.000000] ACPI: IOAPIC (id[0x02] address[0xfec00000] gsi_base[0])
Sep 30 01:15:39 minime kernel: [    0.000000] IOAPIC[0]: apic_id 2, version 17, address 0xfec00000, GSI 0-23
Sep 30 01:15:39 minime kernel: [    0.000000] ACPI: INT_SRC_OVR (bus 0 bus_irq 0 global_irq 2 dfl dfl)
Sep 30 01:15:39 minime kernel: [    0.000000] ACPI: INT_SRC_OVR (bus 0 bus_irq 9 global_irq 9 high level)
Sep 30 01:15:39 minime kernel: [    0.000000] ACPI: IRQ0 used by override.
Sep 30 01:15:39 minime kernel: [    0.000000] ACPI: IRQ2 used by override.
Sep 30 01:15:39 minime kernel: [    0.000000] ACPI: IRQ9 used by override.
Sep 30 01:15:39 minime kernel: [    0.000000] Using ACPI (MADT) for SMP configuration information
Sep 30 01:15:39 minime kernel: [    0.000000] SMP: Allowing 2 CPUs, 0 hotplug CPUs
Sep 30 01:15:39 minime kernel: [    0.000000] nr_irqs_gsi: 40
Sep 30 01:15:39 minime kernel: [    0.000000] PM: Registered nosave memory: 000000000009f000 - 00000000000a0000
Sep 30 01:15:39 minime kernel: [    0.000000] PM: Registered nosave memory: 00000000000a0000 - 00000000000f0000
Sep 30 01:15:39 minime kernel: [    0.000000] PM: Registered nosave memory: 00000000000f0000 - 0000000000100000
Sep 30 01:15:39 minime kernel: [    0.000000] Allocating PCI resources starting at 40000000 (gap: 40000000:bffc0000)
Sep 30 01:15:39 minime kernel: [    0.000000] Booting paravirtualized kernel on bare hardware
Sep 30 01:15:39 minime kernel: [    0.000000] setup_percpu: NR_CPUS:256 nr_cpumask_bits:256 nr_cpu_ids:2 nr_node_ids:1
Sep 30 01:15:39 minime kernel: [    0.000000] PERCPU: Embedded 28 pages/cpu @ffff88003fc00000 s84416 r8192 d22080 u1048576
Sep 30 01:15:39 minime kernel: [    0.000000] pcpu-alloc: s84416 r8192 d22080 u1048576 alloc=1*2097152
Sep 30 01:15:39 minime kernel: [    0.000000] pcpu-alloc: [0] 0 1 
Sep 30 01:15:39 minime kernel: [    0.000000] Built 1 zonelists in Node order, mobility grouping on.  Total pages: 258425
Sep 30 01:15:39 minime kernel: [    0.000000] Policy zone: DMA32
Sep 30 01:15:39 minime kernel: [    0.000000] Kernel command line: BOOT_IMAGE=/boot/vmlinuz-2.6.38-11-server root=UUID=c7a24044-7a83-4eff-9c90-667e828ee5f5 ro quiet
Sep 30 01:15:39 minime kernel: [    0.000000] PID hash table entries: 4096 (order: 3, 32768 bytes)
Sep 30 01:15:39 minime kernel: [    0.000000] Checking aperture...
Sep 30 01:15:39 minime kernel: [    0.000000] No AGP bridge found
Sep 30 01:15:39 minime kernel: [    0.000000] Calgary: detecting Calgary via BIOS EBDA area
Sep 30 01:15:39 minime kernel: [    0.000000] Calgary: Unable to locate Rio Grande table in EBDA - bailing!
Sep 30 01:15:39 minime kernel: [    0.000000] Memory: 1007084k/1048512k available (6025k kernel code, 452k absent, 40976k reserved, 5022k data, 880k init)
Sep 30 01:15:39 minime kernel: [    0.000000] SLUB: Genslabs=15, HWalign=64, Order=0-3, MinObjects=0, CPUs=2, Nodes=1
Sep 30 01:15:39 minime kernel: [    0.000000] Hierarchical RCU implementation.
Sep 30 01:15:39 minime kernel: [    0.000000] 	RCU dyntick-idle grace-period acceleration is enabled.
Sep 30 01:15:39 minime kernel: [    0.000000] 	RCU-based detection of stalled CPUs is disabled.
Sep 30 01:15:39 minime kernel: [    0.000000] NR_IRQS:16640 nr_irqs:512 16
Sep 30 01:15:39 minime kernel: [    0.000000] Console: colour dummy device 80x25
Sep 30 01:15:39 minime kernel: [    0.000000] console [tty0] enabled
Sep 30 01:15:39 minime kernel: [    0.000000] allocated 10485760 bytes of page_cgroup
Sep 30 01:15:39 minime kernel: [    0.000000] please try 'cgroup_disable=memory' option if you don't want memory cgroups
Sep 30 01:15:39 minime kernel: [    0.000000] Fast TSC calibration failed
Sep 30 01:15:39 minime kernel: [    0.000000] TSC: Unable to calibrate against PIT
Sep 30 01:15:39 minime kernel: [    0.000000] TSC: HPET/PMTIMER calibration failed.
Sep 30 01:15:39 minime kernel: [    0.000000] Marking TSC unstable due to could not calculate TSC khz
Sep 30 01:15:39 minime kernel: [    0.040000] Calibrating delay loop... 473.49 BogoMIPS (lpj=2367488)
Sep 30 01:15:39 minime kernel: [    0.280000] pid_max: default: 32768 minimum: 301
Sep 30 01:15:39 minime kernel: [    0.290000] Security Framework initialized
Sep 30 01:15:39 minime kernel: [    0.290000] AppArmor: AppArmor initialized
Sep 30 01:15:39 minime kernel: [    0.290000] Yama: becoming mindful.
Sep 30 01:15:39 minime kernel: [    0.290000] Dentry cache hash table entries: 131072 (order: 8, 1048576 bytes)
Sep 30 01:15:39 minime kernel: [    0.290000] Inode-cache hash table entries: 65536 (order: 7, 524288 bytes)
Sep 30 01:15:39 minime kernel: [    0.290000] Mount-cache hash table entries: 256
Sep 30 01:15:39 minime kernel: [    0.290000] Initializing cgroup subsys ns
Sep 30 01:15:39 minime kernel: [    0.290000] ns_cgroup deprecated: consider using the 'clone_children' flag without the ns_cgroup.
Sep 30 01:15:39 minime kernel: [    0.290000] Initializing cgroup subsys cpuacct
Sep 30 01:15:39 minime kernel: [    0.290000] Initializing cgroup subsys memory
Sep 30 01:15:39 minime kernel: [    0.290000] Initializing cgroup subsys devices
Sep 30 01:15:39 minime kernel: [    0.290000] Initializing cgroup subsys freezer
Sep 30 01:15:39 minime kernel: [    0.290000] Initializing cgroup subsys net_cls
Sep 30 01:15:39 minime kernel: [    0.290000] Initializing cgroup subsys blkio
Sep 30 01:15:39 minime kernel: [    0.290000] CPU: Physical Processor ID: 0
Sep 30 01:15:39 minime kernel: [    0.290000] CPU: Processor Core ID: 0
Sep 30 01:15:39 minime kernel: [    0.290000] mce: CPU supports 0 MCE banks
Sep 30 01:15:39 minime kernel: [    0.370000] ACPI: Core revision 20110112
Sep 30 01:15:39 minime kernel: [    0.370000] ftrace: allocating 24625 entries in 97 pages
Sep 30 01:15:39 minime kernel: [    0.380000] Setting APIC routing to flat
Sep 30 01:15:39 minime kernel: [    0.380000] ------------[ cut here ]------------
Sep 30 01:15:39 minime kernel: [    0.380000] WARNING: at /build/buildd/linux-2.6.38/arch/x86/kernel/apic/apic.c:1284 setup_local_APIC+0x171/0x22a()
Sep 30 01:15:39 minime kernel: [    0.380000] Hardware name: VirtualBox
Sep 30 01:15:39 minime kernel: [    0.380000] Modules linked in:
Sep 30 01:15:39 minime kernel: [    0.380000] Pid: 1, comm: swapper Not tainted 2.6.38-11-server #50-Ubuntu
Sep 30 01:15:39 minime kernel: [    0.380000] Call Trace:
Sep 30 01:15:39 minime kernel: [    0.380000]  [<ffffffff81065cff>] ? warn_slowpath_common+0x7f/0xc0
Sep 30 01:15:39 minime kernel: [    0.380000]  [<ffffffff81065d5a>] ? warn_slowpath_null+0x1a/0x20
Sep 30 01:15:39 minime kernel: [    0.380000]  [<ffffffff815d027a>] ? setup_local_APIC+0x171/0x22a
Sep 30 01:15:39 minime kernel: [    0.380000]  [<ffffffff81af02eb>] ? verify_local_APIC+0x16a/0x194
Sep 30 01:15:39 minime kernel: [    0.380000]  [<ffffffff81aee4bd>] ? native_smp_prepare_cpus+0x17f/0x20e
Sep 30 01:15:39 minime kernel: [    0.380000]  [<ffffffff81ae1d19>] ? kernel_init+0x7e/0x1f3
Sep 30 01:15:39 minime kernel: [    0.380000]  [<ffffffff8100cde4>] ? kernel_thread_helper+0x4/0x10
Sep 30 01:15:39 minime kernel: [    0.380000]  [<ffffffff81ae1c9b>] ? kernel_init+0x0/0x1f3
Sep 30 01:15:39 minime kernel: [    0.380000]  [<ffffffff8100cde0>] ? kernel_thread_helper+0x0/0x10
Sep 30 01:15:39 minime kernel: [    0.380000] ---[ end trace a7919e7f17c0a725 ]---
Sep 30 01:15:39 minime kernel: [    0.400000] ..TIMER: vector=0x30 apic1=0 pin1=2 apic2=-1 pin2=-1
Sep 30 01:15:39 minime kernel: [    0.490000] CPU0: Intel(R) Core(TM) i7 CPU       Q 720  @ 1.60GHz stepping 05
Sep 30 01:15:39 minime kernel: [    0.490000] Performance Events: unsupported p6 CPU model 30 no PMU driver, software events only.
Sep 30 01:15:39 minime kernel: [    0.490000] Booting Node   0, Processors  #1 Ok.
Sep 30 01:15:39 minime kernel: [    0.040000] ------------[ cut here ]------------
Sep 30 01:15:39 minime kernel: [    0.040000] WARNING: at /build/buildd/linux-2.6.38/arch/x86/kernel/apic/apic.c:1284 setup_local_APIC+0x171/0x22a()
Sep 30 01:15:39 minime kernel: [    0.040000] Hardware name: VirtualBox
Sep 30 01:15:39 minime kernel: [    0.040000] Modules linked in:
Sep 30 01:15:39 minime kernel: [    0.040000] Pid: 0, comm: kworker/0:0 Tainted: G        W   2.6.38-11-server #50-Ubuntu
Sep 30 01:15:39 minime kernel: [    0.040000] Call Trace:
Sep 30 01:15:39 minime kernel: [    0.040000]  [<ffffffff81065cff>] ? warn_slowpath_common+0x7f/0xc0
Sep 30 01:15:39 minime kernel: [    0.040000]  [<ffffffff81065d5a>] ? warn_slowpath_null+0x1a/0x20
Sep 30 01:15:39 minime kernel: [    0.040000]  [<ffffffff815d027a>] ? setup_local_APIC+0x171/0x22a
Sep 30 01:15:39 minime kernel: [    0.040000]  [<ffffffff815caf03>] ? xsave_init+0x9/0x2d
Sep 30 01:15:39 minime kernel: [    0.040000]  [<ffffffff815cfa60>] ? smp_callin+0xc5/0x116
Sep 30 01:15:39 minime kernel: [    0.040000]  [<ffffffff815cfac3>] ? start_secondary+0x12/0xbe
Sep 30 01:15:39 minime kernel: [    0.040000]  [<ffffffff815cfab1>] ? start_secondary+0x0/0xbe
Sep 30 01:15:39 minime kernel: [    0.040000] ---[ end trace a7919e7f17c0a726 ]---
Sep 30 01:15:39 minime kernel: [    0.040000] mce: CPU supports 0 MCE banks
Sep 30 01:15:39 minime kernel: [    0.740000] Brought up 2 CPUs
Sep 30 01:15:39 minime kernel: [    0.740000] Total of 2 processors activated (1030.55 BogoMIPS).
Sep 30 01:15:39 minime kernel: [    0.740000] devtmpfs: initialized
Sep 30 01:15:39 minime kernel: [    0.750000] print_constraints: dummy: 
Sep 30 01:15:39 minime kernel: [    0.750000] Time: 22:15:24  Date: 09/29/11
Sep 30 01:15:39 minime kernel: [    0.750000] NET: Registered protocol family 16
Sep 30 01:15:39 minime kernel: [    0.750000] Trying to unpack rootfs image as initramfs...
Sep 30 01:15:39 minime kernel: [    0.750000] ACPI: bus type pci registered
Sep 30 01:15:39 minime kernel: [    0.750000] PCI: Using configuration type 1 for base access
Sep 30 01:15:39 minime kernel: [    0.760000] bio: create slab <bio-0> at 0
Sep 30 01:15:39 minime kernel: [    0.760000] ACPI: EC: Look up EC in DSDT
Sep 30 01:15:39 minime kernel: [    0.760000] ACPI: Executed 1 blocks of module-level executable AML code
Sep 30 01:15:39 minime kernel: [    0.770000] ACPI: Interpreter enabled
Sep 30 01:15:39 minime kernel: [    0.770000] ACPI: (supports S0 S5)
Sep 30 01:15:39 minime kernel: [    0.770000] ACPI: Using IOAPIC for interrupt routing
Sep 30 01:15:39 minime kernel: [    0.780000] ACPI: No dock devices found.
Sep 30 01:15:39 minime kernel: [    0.780000] HEST: Table not found.
Sep 30 01:15:39 minime kernel: [    0.780000] PCI: Ignoring host bridge windows from ACPI; if necessary, use "pci=use_crs" and report a bug
Sep 30 01:15:39 minime kernel: [    0.780000] ACPI: PCI Root Bridge [PCI0] (domain 0000 [bus 00-ff])
Sep 30 01:15:39 minime kernel: [    0.780000] pci_root PNP0A03:00: host bridge window [io  0x0000-0x0cf7] (ignored)
Sep 30 01:15:39 minime kernel: [    0.780000] pci_root PNP0A03:00: host bridge window [io  0x0d00-0xffff] (ignored)
Sep 30 01:15:39 minime kernel: [    0.780000] pci_root PNP0A03:00: host bridge window [mem 0x000a0000-0x000bffff] (ignored)
Sep 30 01:15:39 minime kernel: [    0.780000] pci_root PNP0A03:00: host bridge window [mem 0x40000000-0xffdfffff] (ignored)
Sep 30 01:15:39 minime kernel: [    0.780000] pci 0000:00:00.0: [8086:1237] type 0 class 0x000600
Sep 30 01:15:39 minime kernel: [    0.780000] pci 0000:00:01.0: [8086:7000] type 0 class 0x000601
Sep 30 01:15:39 minime kernel: [    0.790000] pci 0000:00:01.1: [8086:7111] type 0 class 0x000101
Sep 30 01:15:39 minime kernel: [    0.790000] pci 0000:00:01.1: reg 20: [io  0xd000-0xd00f]
Sep 30 01:15:39 minime kernel: [    0.790000] pci 0000:00:02.0: [80ee:beef] type 0 class 0x000300
Sep 30 01:15:39 minime kernel: [    0.790000] pci 0000:00:02.0: reg 10: [mem 0xe0000000-0xe0ffffff pref]
Sep 30 01:15:39 minime kernel: [    0.820000] pci 0000:00:03.0: [8086:100e] type 0 class 0x000200
Sep 30 01:15:39 minime kernel: [    0.820000] pci 0000:00:03.0: reg 10: [mem 0xf0000000-0xf001ffff]
Sep 30 01:15:39 minime kernel: [    0.820000] pci 0000:00:03.0: reg 18: [io  0xd010-0xd017]
Sep 30 01:15:39 minime kernel: [    0.830000] pci 0000:00:04.0: [80ee:cafe] type 0 class 0x000880
Sep 30 01:15:39 minime kernel: [    0.830000] pci 0000:00:04.0: reg 10: [io  0xd020-0xd03f]
Sep 30 01:15:39 minime kernel: [    0.830000] pci 0000:00:04.0: reg 14: [mem 0xf0400000-0xf07fffff]
Sep 30 01:15:39 minime kernel: [    0.840000] pci 0000:00:04.0: reg 18: [mem 0xf0800000-0xf0803fff pref]
Sep 30 01:15:39 minime kernel: [    0.850000] pci 0000:00:05.0: [8086:2415] type 0 class 0x000401
Sep 30 01:15:39 minime kernel: [    0.850000] pci 0000:00:05.0: reg 10: [io  0xd100-0xd1ff]
Sep 30 01:15:39 minime kernel: [    0.850000] pci 0000:00:05.0: reg 14: [io  0xd200-0xd23f]
Sep 30 01:15:39 minime kernel: [    0.850000] pci 0000:00:06.0: [106b:003f] type 0 class 0x000c03
Sep 30 01:15:39 minime kernel: [    0.850000] pci 0000:00:06.0: reg 10: [mem 0xf0804000-0xf0804fff]
Sep 30 01:15:39 minime kernel: [    0.860000] pci 0000:00:07.0: [8086:7113] type 0 class 0x000680
Sep 30 01:15:39 minime kernel: [    0.870000] pci 0000:00:08.0: [8086:100e] type 0 class 0x000200
Sep 30 01:15:39 minime kernel: [    0.870000] pci 0000:00:08.0: reg 10: [mem 0xf0820000-0xf083ffff]
Sep 30 01:15:39 minime kernel: [    0.870000] pci 0000:00:08.0: reg 18: [io  0xd240-0xd247]
Sep 30 01:15:39 minime kernel: [    0.880000] pci 0000:00:0d.0: [8086:2829] type 0 class 0x000106
Sep 30 01:15:39 minime kernel: [    0.890000] pci 0000:00:0d.0: reg 10: [io  0xd248-0xd24f]
Sep 30 01:15:39 minime kernel: [    0.890000] pci 0000:00:0d.0: reg 18: [io  0xd258-0xd25f]
Sep 30 01:15:39 minime kernel: [    0.890000] pci 0000:00:0d.0: reg 20: [io  0xd270-0xd27f]
Sep 30 01:15:39 minime kernel: [    0.900000] pci 0000:00:0d.0: reg 24: [mem 0xf0840000-0xf0841fff]
Sep 30 01:15:39 minime kernel: [    0.900000] ACPI: PCI Interrupt Routing Table [\_SB_.PCI0._PRT]
Sep 30 01:15:39 minime kernel: [    0.920000] ACPI: PCI Interrupt Link [LNKA] (IRQs *5 9 10 11)
Sep 30 01:15:39 minime kernel: [    0.920000] ACPI: PCI Interrupt Link [LNKB] (IRQs 5 9 10 *11)
Sep 30 01:15:39 minime kernel: [    0.920000] ACPI: PCI Interrupt Link [LNKC] (IRQs 5 9 *10 11)
Sep 30 01:15:39 minime kernel: [    0.920000] ACPI: PCI Interrupt Link [LNKD] (IRQs 5 *9 10 11)
Sep 30 01:15:39 minime kernel: [    0.930000] vgaarb: device added: PCI:0000:00:02.0,decodes=io+mem,owns=io+mem,locks=none
Sep 30 01:15:39 minime kernel: [    0.930000] vgaarb: loaded
Sep 30 01:15:39 minime kernel: [    0.930000] SCSI subsystem initialized
Sep 30 01:15:39 minime kernel: [    0.930000] libata version 3.00 loaded.
Sep 30 01:15:39 minime kernel: [    0.930000] usbcore: registered new interface driver usbfs
Sep 30 01:15:39 minime kernel: [    0.930000] usbcore: registered new interface driver hub
Sep 30 01:15:39 minime kernel: [    0.930000] usbcore: registered new device driver usb
Sep 30 01:15:39 minime kernel: [    0.930000] wmi: Mapper loaded
Sep 30 01:15:39 minime kernel: [    0.930000] PCI: Using ACPI for IRQ routing
Sep 30 01:15:39 minime kernel: [    0.930000] PCI: pci_cache_line_size set to 64 bytes
Sep 30 01:15:39 minime kernel: [    0.930000] reserve RAM buffer: 000000000009fc00 - 000000000009ffff 
Sep 30 01:15:39 minime kernel: [    0.930000] reserve RAM buffer: 000000003fff0000 - 000000003fffffff 
Sep 30 01:15:39 minime kernel: [    0.930000] NetLabel: Initializing
Sep 30 01:15:39 minime kernel: [    0.930000] NetLabel:  domain hash size = 128
Sep 30 01:15:39 minime kernel: [    0.930000] NetLabel:  protocols = UNLABELED CIPSOv4
Sep 30 01:15:39 minime kernel: [    0.930000] NetLabel:  unlabeled traffic allowed by default
Sep 30 01:15:39 minime kernel: [    0.960000] AppArmor: AppArmor Filesystem Enabled
Sep 30 01:15:39 minime kernel: [    0.960000] pnp: PnP ACPI init
Sep 30 01:15:39 minime kernel: [    0.960000] ACPI: bus type pnp registered
Sep 30 01:15:39 minime kernel: [    0.960000] pnp 00:00: [bus 00-ff]
Sep 30 01:15:39 minime kernel: [    0.960000] pnp 00:00: [io  0x0cf8-0x0cff]
Sep 30 01:15:39 minime kernel: [    0.960000] pnp 00:00: [io  0x0000-0x0cf7 window]
Sep 30 01:15:39 minime kernel: [    0.960000] pnp 00:00: [io  0x0d00-0xffff window]
Sep 30 01:15:39 minime kernel: [    0.960000] pnp 00:00: [mem 0x000a0000-0x000bffff window]
Sep 30 01:15:39 minime kernel: [    0.960000] pnp 00:00: [mem 0x40000000-0xffdfffff window]
Sep 30 01:15:39 minime kernel: [    0.960000] pnp 00:00: Plug and Play ACPI device, IDs PNP0a03 (active)
Sep 30 01:15:39 minime kernel: [    0.960000] pnp 00:01: [io  0x0060]
Sep 30 01:15:39 minime kernel: [    0.960000] pnp 00:01: [io  0x0064]
Sep 30 01:15:39 minime kernel: [    0.960000] pnp 00:01: [irq 1]
Sep 30 01:15:39 minime kernel: [    0.960000] pnp 00:01: Plug and Play ACPI device, IDs PNP0303 (active)
Sep 30 01:15:39 minime kernel: [    0.960000] pnp 00:02: [io  0x0000-0x000f]
Sep 30 01:15:39 minime kernel: [    0.960000] pnp 00:02: [io  0x0080-0x008f]
Sep 30 01:15:39 minime kernel: [    0.960000] pnp 00:02: [io  0x00c0-0x00df]
Sep 30 01:15:39 minime kernel: [    0.960000] pnp 00:02: [dma 4]
Sep 30 01:15:39 minime kernel: [    0.960000] pnp 00:02: Plug and Play ACPI device, IDs PNP0200 (active)
Sep 30 01:15:39 minime kernel: [    0.960000] pnp 00:03: [irq 12]
Sep 30 01:15:39 minime kernel: [    0.960000] pnp 00:03: Plug and Play ACPI device, IDs PNP0f03 (active)
Sep 30 01:15:39 minime kernel: [    0.960000] pnp 00:04: [io  0x0378-0x037f]
Sep 30 01:15:39 minime kernel: [    0.960000] pnp 00:04: [io  0x0778-0x077f]
Sep 30 01:15:39 minime kernel: [    0.960000] pnp 00:04: [irq 7]
Sep 30 01:15:39 minime kernel: [    0.960000] pnp 00:04: Plug and Play ACPI device, IDs PNP0400 (active)
Sep 30 01:15:39 minime kernel: [    0.960000] pnp: PnP ACPI: found 5 devices
Sep 30 01:15:39 minime kernel: [    0.960000] ACPI: ACPI bus type pnp unregistered
Sep 30 01:15:39 minime kernel: [    0.970000] Switching to clocksource acpi_pm
Sep 30 01:15:39 minime kernel: [    0.970000] pci_bus 0000:00: resource 0 [io  0x0000-0xffff]
Sep 30 01:15:39 minime kernel: [    0.970000] pci_bus 0000:00: resource 1 [mem 0x00000000-0xfffffffff]
Sep 30 01:15:39 minime kernel: [    0.970000] NET: Registered protocol family 2
Sep 30 01:15:39 minime kernel: [    0.970000] IP route cache hash table entries: 32768 (order: 6, 262144 bytes)
Sep 30 01:15:39 minime kernel: [    0.980000] TCP established hash table entries: 131072 (order: 9, 2097152 bytes)
Sep 30 01:15:39 minime kernel: [    0.972831] Switched to NOHz mode on CPU #0
Sep 30 01:15:39 minime kernel: [    0.980000] Switched to NOHz mode on CPU #1
Sep 30 01:15:39 minime kernel: [    0.980000] TCP bind hash table entries: 65536 (order: 8, 1048576 bytes)
Sep 30 01:15:39 minime kernel: [    0.980000] TCP: Hash tables configured (established 131072 bind 65536)
Sep 30 01:15:39 minime kernel: [    0.980000] TCP reno registered
Sep 30 01:15:39 minime kernel: [    0.980000] UDP hash table entries: 512 (order: 2, 16384 bytes)
Sep 30 01:15:39 minime kernel: [    0.980000] UDP-Lite hash table entries: 512 (order: 2, 16384 bytes)
Sep 30 01:15:39 minime kernel: [    0.980000] NET: Registered protocol family 1
Sep 30 01:15:39 minime kernel: [    0.980000] pci 0000:00:00.0: Limiting direct PCI/PCI transfers
Sep 30 01:15:39 minime kernel: [    0.980000] pci 0000:00:01.0: Activating ISA DMA hang workarounds
Sep 30 01:15:39 minime kernel: [    0.980000] pci 0000:00:02.0: Boot video device
Sep 30 01:15:39 minime kernel: [    0.980000] PCI: CLS 0 bytes, default 64
Sep 30 01:15:39 minime kernel: [    0.980178] platform rtc_cmos: registered platform RTC device (no PNP device found)
Sep 30 01:15:39 minime kernel: [    0.980178] audit: initializing netlink socket (disabled)
Sep 30 01:15:39 minime kernel: [    0.980178] type=2000 audit(1317334523.970:1): initialized
Sep 30 01:15:39 minime kernel: [    1.040178] HugeTLB registered 2 MB page size, pre-allocated 0 pages
Sep 30 01:15:39 minime kernel: [    1.050179] VFS: Disk quotas dquot_6.5.2
Sep 30 01:15:39 minime kernel: [    1.050179] Dquot-cache hash table entries: 512 (order 0, 4096 bytes)
Sep 30 01:15:39 minime kernel: [    1.050179] fuse init (API version 7.16)
Sep 30 01:15:39 minime kernel: [    1.050179] msgmni has been set to 1966
Sep 30 01:15:39 minime kernel: [    1.050179] Block layer SCSI generic (bsg) driver version 0.4 loaded (major 253)
Sep 30 01:15:39 minime kernel: [    1.050179] io scheduler noop registered
Sep 30 01:15:39 minime kernel: [    1.050179] io scheduler deadline registered (default)
Sep 30 01:15:39 minime kernel: [    1.050179] io scheduler cfq registered
Sep 30 01:15:39 minime kernel: [    1.050179] pci_hotplug: PCI Hot Plug PCI Core version: 0.5
Sep 30 01:15:39 minime kernel: [    1.050179] pciehp: PCI Express Hot Plug Controller Driver version: 0.4
Sep 30 01:15:39 minime kernel: [    1.050179] ACPI: Deprecated procfs I/F for AC is loaded, please retry with CONFIG_ACPI_PROCFS_POWER cleared
Sep 30 01:15:39 minime kernel: [    1.050179] ACPI: AC Adapter [AC] (on-line)
Sep 30 01:15:39 minime kernel: [    1.050179] input: Power Button as /devices/LNXSYSTM:00/LNXPWRBN:00/input/input0
Sep 30 01:15:39 minime kernel: [    1.050179] ACPI: Power Button [PWRF]
Sep 30 01:15:39 minime kernel: [    1.050179] input: Sleep Button as /devices/LNXSYSTM:00/LNXSLPBN:00/input/input1
Sep 30 01:15:39 minime kernel: [    1.050179] ACPI: Sleep Button [SLPF]
Sep 30 01:15:39 minime kernel: [    1.061023] ACPI: acpi_idle registered with cpuidle
Sep 30 01:15:39 minime kernel: [    1.061023] ERST: Table is not found!
Sep 30 01:15:39 minime kernel: [    1.061023] Serial: 8250/16550 driver, 32 ports, IRQ sharing enabled
Sep 30 01:15:39 minime kernel: [    1.090126] ACPI: Deprecated procfs I/F for battery is loaded, please retry with CONFIG_ACPI_PROCFS_POWER cleared
Sep 30 01:15:39 minime kernel: [    1.090126] ACPI: Battery Slot [BAT0] (battery present)
Sep 30 01:15:39 minime kernel: [    1.900166] Freeing initrd memory: 12784k freed
Sep 30 01:15:39 minime kernel: [    2.220135] Linux agpgart interface v0.103
Sep 30 01:15:39 minime kernel: [    2.220135] brd: module loaded
Sep 30 01:15:39 minime kernel: [    2.220135] loop: module loaded
Sep 30 01:15:39 minime kernel: [    2.220135] i2c-core: driver [adp5520] using legacy suspend method
Sep 30 01:15:39 minime kernel: [    2.220135] i2c-core: driver [adp5520] using legacy resume method
Sep 30 01:15:39 minime kernel: [    2.220135] ata_piix 0000:00:01.1: version 2.13
Sep 30 01:15:39 minime kernel: [    2.220873] scsi0 : ata_piix
Sep 30 01:15:39 minime kernel: [    2.222429] scsi1 : ata_piix
Sep 30 01:15:39 minime kernel: [    2.222429] ata1: PATA max UDMA/33 cmd 0x1f0 ctl 0x3f6 bmdma 0xd000 irq 14
Sep 30 01:15:39 minime kernel: [    2.222429] ata2: PATA max UDMA/33 cmd 0x170 ctl 0x376 bmdma 0xd008 irq 15
Sep 30 01:15:39 minime kernel: [    2.222839] Fixed MDIO Bus: probed
Sep 30 01:15:39 minime kernel: [    2.222839] PPP generic driver version 2.4.2
Sep 30 01:15:39 minime kernel: [    2.222839] tun: Universal TUN/TAP device driver, 1.6
Sep 30 01:15:39 minime kernel: [    2.222839] tun: (C) 1999-2004 Max Krasnyansky <maxk@qualcomm.com>
Sep 30 01:15:39 minime kernel: [    2.222839] ehci_hcd: USB 2.0 'Enhanced' Host Controller (EHCI) Driver
Sep 30 01:15:39 minime kernel: [    2.222839] ohci_hcd: USB 1.1 'Open' Host Controller (OHCI) Driver
Sep 30 01:15:39 minime kernel: [    2.222839] ohci_hcd 0000:00:06.0: PCI INT A -> GSI 22 (level, low) -> IRQ 22
Sep 30 01:15:39 minime kernel: [    2.222839] ohci_hcd 0000:00:06.0: OHCI Host Controller
Sep 30 01:15:39 minime kernel: [    2.222839] ohci_hcd 0000:00:06.0: new USB bus registered, assigned bus number 1
Sep 30 01:15:39 minime kernel: [    2.226453] ohci_hcd 0000:00:06.0: irq 22, io mem 0xf0804000
Sep 30 01:15:39 minime kernel: [    2.281214] hub 1-0:1.0: USB hub found
Sep 30 01:15:39 minime kernel: [    2.281214] hub 1-0:1.0: 8 ports detected
Sep 30 01:15:39 minime kernel: [    2.281214] uhci_hcd: USB Universal Host Controller Interface driver
Sep 30 01:15:39 minime kernel: [    2.281214] i8042: PNP: PS/2 Controller [PNP0303:PS2K,PNP0f03:PS2M] at 0x60,0x64 irq 1,12
Sep 30 01:15:39 minime kernel: [    2.281214] serio: i8042 KBD port at 0x60,0x64 irq 1
Sep 30 01:15:39 minime kernel: [    2.281214] serio: i8042 AUX port at 0x60,0x64 irq 12
Sep 30 01:15:39 minime kernel: [    2.281214] mousedev: PS/2 mouse device common for all mice
Sep 30 01:15:39 minime kernel: [    2.290141] input: AT Translated Set 2 keyboard as /devices/platform/i8042/serio0/input/input2
Sep 30 01:15:39 minime kernel: [    2.290452] rtc_cmos rtc_cmos: rtc core: registered rtc_cmos as rtc0
Sep 30 01:15:39 minime kernel: [    2.290452] rtc0: alarms up to one day, 114 bytes nvram
Sep 30 01:15:39 minime kernel: [    2.290452] device-mapper: uevent: version 1.0.3
Sep 30 01:15:39 minime kernel: [    2.290452] device-mapper: ioctl: 4.19.1-ioctl (2011-01-07) initialised: dm-devel@redhat.com
Sep 30 01:15:39 minime kernel: [    2.292929] device-mapper: multipath: version 1.2.0 loaded
Sep 30 01:15:39 minime kernel: [    2.292929] device-mapper: multipath round-robin: version 1.0.0 loaded
Sep 30 01:15:39 minime kernel: [    2.294417] cpuidle: using governor ladder
Sep 30 01:15:39 minime kernel: [    2.294417] cpuidle: using governor menu
Sep 30 01:15:39 minime kernel: [    2.294417] TCP cubic registered
Sep 30 01:15:39 minime kernel: [    2.294417] NET: Registered protocol family 10
Sep 30 01:15:39 minime kernel: [    2.294417] NET: Registered protocol family 17
Sep 30 01:15:39 minime kernel: [    2.294417] Registering the dns_resolver key type
Sep 30 01:15:39 minime kernel: [    2.294417] PM: Hibernation image not present or could not be loaded.
Sep 30 01:15:39 minime kernel: [    2.294417] registered taskstats version 1
Sep 30 01:15:39 minime kernel: [    2.300188]   Magic number: 11:253:301
Sep 30 01:15:39 minime kernel: [    2.300188] tty tty30: hash matches
Sep 30 01:15:39 minime kernel: [    2.300188] rtc_cmos rtc_cmos: setting system clock to 2011-09-29 22:15:25 UTC (1317334525)
Sep 30 01:15:39 minime kernel: [    2.300188] BIOS EDD facility v0.16 2004-Jun-25, 0 devices found
Sep 30 01:15:39 minime kernel: [    2.300188] EDD information not available.
Sep 30 01:15:39 minime kernel: [    2.383038] ata2.00: ATAPI: VBOX CD-ROM, 1.0, max UDMA/133
Sep 30 01:15:39 minime kernel: [    2.385449] ata2.00: configured for UDMA/33
Sep 30 01:15:39 minime kernel: [    2.388398] scsi 1:0:0:0: CD-ROM            VBOX     CD-ROM           1.0  PQ: 0 ANSI: 5
Sep 30 01:15:39 minime kernel: [    2.391882] sr0: scsi3-mmc drive: 32x/32x xa/form2 tray
Sep 30 01:15:39 minime kernel: [    2.391882] cdrom: Uniform CD-ROM driver Revision: 3.20
Sep 30 01:15:39 minime kernel: [    2.391882] sr 1:0:0:0: Attached scsi CD-ROM sr0
Sep 30 01:15:39 minime kernel: [    2.391882] sr 1:0:0:0: Attached scsi generic sg0 type 5
Sep 30 01:15:39 minime kernel: [    2.400153] Freeing unused kernel memory: 880k freed
Sep 30 01:15:39 minime kernel: [    2.400153] Write protecting the kernel read-only data: 10240k
Sep 30 01:15:39 minime kernel: [    2.400153] Freeing unused kernel memory: 100k freed
Sep 30 01:15:39 minime kernel: [    2.431159] Freeing unused kernel memory: 1416k freed
Sep 30 01:15:39 minime kernel: [    2.530169] <30>udev[66]: starting version 167
Sep 30 01:15:39 minime kernel: [    2.710152] e1000: Intel(R) PRO/1000 Network Driver - version 7.3.21-k8-NAPI
Sep 30 01:15:39 minime kernel: [    2.710152] e1000: Copyright (c) 1999-2006 Intel Corporation.
Sep 30 01:15:39 minime kernel: [    2.710152] e1000 0000:00:03.0: PCI INT A -> GSI 19 (level, low) -> IRQ 19
Sep 30 01:15:39 minime kernel: [    2.741115] usb 1-1: new full speed USB device using ohci_hcd and address 2
Sep 30 01:15:39 minime kernel: [    3.110969] input: VirtualBox USB Tablet as /devices/pci0000:00/0000:00:06.0/usb1/1-1/1-1:1.0/input/input3
Sep 30 01:15:39 minime kernel: [    3.110969] generic-usb 0003:80EE:0021.0001: input,hidraw0: USB HID v1.10 Mouse [VirtualBox USB Tablet] on usb-0000:00:06.0-1/input0
Sep 30 01:15:39 minime kernel: [    3.110969] usbcore: registered new interface driver usbhid
Sep 30 01:15:39 minime kernel: [    3.110969] usbhid: USB HID core driver
Sep 30 01:15:39 minime kernel: [    3.800238] e1000 0000:00:03.0: eth0: (PCI:33MHz:32-bit) 08:00:27:25:80:b0
Sep 30 01:15:39 minime kernel: [    3.800238] e1000 0000:00:03.0: eth0: Intel(R) PRO/1000 Network Connection
Sep 30 01:15:39 minime kernel: [    3.801258] e1000 0000:00:08.0: PCI INT A -> GSI 16 (level, low) -> IRQ 16
Sep 30 01:15:39 minime kernel: [    4.901207] e1000 0000:00:08.0: eth1: (PCI:33MHz:32-bit) 08:00:27:d2:88:06
Sep 30 01:15:39 minime kernel: [    4.901207] e1000 0000:00:08.0: eth1: Intel(R) PRO/1000 Network Connection
Sep 30 01:15:39 minime kernel: [    4.904388] ahci 0000:00:0d.0: version 3.0
Sep 30 01:15:39 minime kernel: [    4.904388] ahci 0000:00:0d.0: PCI INT A -> GSI 21 (level, low) -> IRQ 21
Sep 30 01:15:39 minime kernel: [    4.904388] ahci: SSS flag set, parallel bus scan disabled
Sep 30 01:15:39 minime kernel: [    4.904388] ahci 0000:00:0d.0: AHCI 0001.0100 32 slots 1 ports 3 Gbps 0x1 impl SATA mode
Sep 30 01:15:39 minime kernel: [    4.904388] ahci 0000:00:0d.0: flags: 64bit ncq stag only ccc 
Sep 30 01:15:39 minime kernel: [    4.908467] scsi2 : ahci
Sep 30 01:15:39 minime kernel: [    4.908467] ata3: SATA max UDMA/133 abar m8192@0xf0840000 port 0xf0840100 irq 21
Sep 30 01:15:39 minime kernel: [    5.250252] ata3: SATA link up 3.0 Gbps (SStatus 123 SControl 300)
Sep 30 01:15:39 minime kernel: [    5.250252] ata3.00: ATA-6: VBOX HARDDISK, 1.0, max UDMA/133
Sep 30 01:15:39 minime kernel: [    5.250252] ata3.00: 33554432 sectors, multi 128: LBA48 NCQ (depth 31/32)
Sep 30 01:15:39 minime kernel: [    5.250252] ata3.00: configured for UDMA/133
Sep 30 01:15:39 minime kernel: [    5.253037] scsi 2:0:0:0: Direct-Access     ATA      VBOX HARDDISK    1.0  PQ: 0 ANSI: 5
Sep 30 01:15:39 minime kernel: [    5.253037] sd 2:0:0:0: Attached scsi generic sg1 type 0
Sep 30 01:15:39 minime kernel: [    5.253400] sd 2:0:0:0: [sda] 33554432 512-byte logical blocks: (17.1 GB/16.0 GiB)
Sep 30 01:15:39 minime kernel: [    5.253400] sd 2:0:0:0: [sda] Write Protect is off
Sep 30 01:15:39 minime kernel: [    5.253400] sd 2:0:0:0: [sda] Mode Sense: 00 3a 00 00
Sep 30 01:15:39 minime kernel: [    5.253400] sd 2:0:0:0: [sda] Write cache: enabled, read cache: enabled, doesn't support DPO or FUA
Sep 30 01:15:39 minime kernel: [    5.314222]  sda: sda1 sda2 < sda5 >
Sep 30 01:15:39 minime kernel: [    5.314222] sd 2:0:0:0: [sda] Attached SCSI disk
Sep 30 01:15:39 minime kernel: [    5.570159] EXT4-fs (sda1): mounted filesystem with ordered data mode. Opts: (null)
Sep 30 01:15:39 minime kernel: [   15.580194] Adding 1046524k swap on /dev/sda5.  Priority:-1 extents:1 across:1046524k 
Sep 30 01:15:39 minime kernel: [   15.710193] <30>udev[238]: starting version 167
Sep 30 01:15:39 minime kernel: [   15.760180] EXT4-fs (sda1): re-mounted. Opts: errors=remount-ro
Sep 30 01:15:39 minime kernel: [   15.860247] lp: driver loaded but no devices found
Sep 30 01:15:39 minime kernel: [   16.310251] type=1400 audit(1317334539.508:2): apparmor="STATUS" operation="profile_load" name="/sbin/dhclient" pid=368 comm="apparmor_parser"
Sep 30 01:15:39 minime kernel: [   16.320181] type=1400 audit(1317334539.518:3): apparmor="STATUS" operation="profile_load" name="/usr/lib/NetworkManager/nm-dhcp-client.action" pid=368 comm="apparmor_parser"
Sep 30 01:15:39 minime avahi-daemon[371]: Found user 'avahi' (UID 106) and group 'avahi' (GID 115).
Sep 30 01:15:39 minime avahi-daemon[371]: Successfully dropped root privileges.
Sep 30 01:15:39 minime avahi-daemon[371]: avahi-daemon 0.6.30 starting up.
Sep 30 01:15:39 minime avahi-daemon[371]: Successfully called chroot().
Sep 30 01:15:39 minime avahi-daemon[371]: Successfully dropped remaining capabilities.
Sep 30 01:15:39 minime avahi-daemon[371]: Loading service file /services/udisks.service.
Sep 30 01:15:39 minime kernel: [   16.350297] type=1400 audit(1317334539.538:4): apparmor="STATUS" operation="profile_load" name="/usr/lib/connman/scripts/dhclient-script" pid=368 comm="apparmor_parser"
Sep 30 01:15:39 minime avahi-daemon[371]: Network interface enumeration completed.
Sep 30 01:15:39 minime avahi-daemon[371]: Registering HINFO record with values 'X86_64'/'LINUX'.
Sep 30 01:15:39 minime avahi-daemon[371]: Server startup complete. Host name is minime.local. Local service cookie is 4136476832.
Sep 30 01:15:39 minime avahi-daemon[371]: Service "minime" (/services/udisks.service) successfully established.
Sep 30 01:15:39 minime NetworkManager[381]: <info> NetworkManager (version 0.8.3.998) is starting...
